Archive member included to satisfy reference by file (symbol)

c:/program files (x86)/atmel/studio/7.0/toolchain/arm/arm-gnu-toolchain/bin/../lib/gcc/arm-none-eabi/6.3.1/../../../../arm-none-eabi/lib/thumb/v6-m\libc.a(lib_a-exit.o)
                              c:/program files (x86)/atmel/studio/7.0/toolchain/arm/arm-gnu-toolchain/bin/../lib/gcc/arm-none-eabi/6.3.1/../../../../arm-none-eabi/lib/thumb/v6-m/crt0.o (exit)
c:/program files (x86)/atmel/studio/7.0/toolchain/arm/arm-gnu-toolchain/bin/../lib/gcc/arm-none-eabi/6.3.1/../../../../arm-none-eabi/lib/thumb/v6-m\libc.a(lib_a-impure.o)
                              c:/program files (x86)/atmel/studio/7.0/toolchain/arm/arm-gnu-toolchain/bin/../lib/gcc/arm-none-eabi/6.3.1/../../../../arm-none-eabi/lib/thumb/v6-m\libc.a(lib_a-exit.o) (_global_impure_ptr)
c:/program files (x86)/atmel/studio/7.0/toolchain/arm/arm-gnu-toolchain/bin/../lib/gcc/arm-none-eabi/6.3.1/../../../../arm-none-eabi/lib/thumb/v6-m\libc.a(lib_a-init.o)
                              c:/program files (x86)/atmel/studio/7.0/toolchain/arm/arm-gnu-toolchain/bin/../lib/gcc/arm-none-eabi/6.3.1/../../../../arm-none-eabi/lib/thumb/v6-m/crt0.o (__libc_init_array)
c:/program files (x86)/atmel/studio/7.0/toolchain/arm/arm-gnu-toolchain/bin/../lib/gcc/arm-none-eabi/6.3.1/../../../../arm-none-eabi/lib/thumb/v6-m\libc.a(lib_a-memset.o)
                              c:/program files (x86)/atmel/studio/7.0/toolchain/arm/arm-gnu-toolchain/bin/../lib/gcc/arm-none-eabi/6.3.1/../../../../arm-none-eabi/lib/thumb/v6-m/crt0.o (memset)
c:/program files (x86)/atmel/studio/7.0/toolchain/arm/arm-gnu-toolchain/bin/../lib/gcc/arm-none-eabi/6.3.1/../../../../arm-none-eabi/lib/thumb/v6-m\libc.a(lib_a-__call_atexit.o)
                              c:/program files (x86)/atmel/studio/7.0/toolchain/arm/arm-gnu-toolchain/bin/../lib/gcc/arm-none-eabi/6.3.1/../../../../arm-none-eabi/lib/thumb/v6-m\libc.a(lib_a-exit.o) (__call_exitprocs)
c:/program files (x86)/atmel/studio/7.0/toolchain/arm/arm-gnu-toolchain/bin/../lib/gcc/arm-none-eabi/6.3.1/../../../../arm-none-eabi/lib/thumb/v6-m\libc.a(lib_a-atexit.o)
                              c:/program files (x86)/atmel/studio/7.0/toolchain/arm/arm-gnu-toolchain/bin/../lib/gcc/arm-none-eabi/6.3.1/../../../../arm-none-eabi/lib/thumb/v6-m\libc.a(lib_a-__call_atexit.o) (atexit)
c:/program files (x86)/atmel/studio/7.0/toolchain/arm/arm-gnu-toolchain/bin/../lib/gcc/arm-none-eabi/6.3.1/../../../../arm-none-eabi/lib/thumb/v6-m\libc.a(lib_a-fini.o)
                              c:/program files (x86)/atmel/studio/7.0/toolchain/arm/arm-gnu-toolchain/bin/../lib/gcc/arm-none-eabi/6.3.1/../../../../arm-none-eabi/lib/thumb/v6-m\libc.a(lib_a-__call_atexit.o) (__libc_fini_array)
c:/program files (x86)/atmel/studio/7.0/toolchain/arm/arm-gnu-toolchain/bin/../lib/gcc/arm-none-eabi/6.3.1/../../../../arm-none-eabi/lib/thumb/v6-m\libc.a(lib_a-lock.o)
                              c:/program files (x86)/atmel/studio/7.0/toolchain/arm/arm-gnu-toolchain/bin/../lib/gcc/arm-none-eabi/6.3.1/../../../../arm-none-eabi/lib/thumb/v6-m\libc.a(lib_a-__call_atexit.o) (__retarget_lock_acquire_recursive)
c:/program files (x86)/atmel/studio/7.0/toolchain/arm/arm-gnu-toolchain/bin/../lib/gcc/arm-none-eabi/6.3.1/../../../../arm-none-eabi/lib/thumb/v6-m\libc.a(lib_a-__atexit.o)
                              c:/program files (x86)/atmel/studio/7.0/toolchain/arm/arm-gnu-toolchain/bin/../lib/gcc/arm-none-eabi/6.3.1/../../../../arm-none-eabi/lib/thumb/v6-m\libc.a(lib_a-atexit.o) (__register_exitproc)

Allocating common symbols
Common symbol       size              file

__lock___atexit_recursive_mutex
                    0x1               c:/program files (x86)/atmel/studio/7.0/toolchain/arm/arm-gnu-toolchain/bin/../lib/gcc/arm-none-eabi/6.3.1/../../../../arm-none-eabi/lib/thumb/v6-m\libc.a(lib_a-lock.o)
__lock___arc4random_mutex
                    0x1               c:/program files (x86)/atmel/studio/7.0/toolchain/arm/arm-gnu-toolchain/bin/../lib/gcc/arm-none-eabi/6.3.1/../../../../arm-none-eabi/lib/thumb/v6-m\libc.a(lib_a-lock.o)
__lock___env_recursive_mutex
                    0x1               c:/program files (x86)/atmel/studio/7.0/toolchain/arm/arm-gnu-toolchain/bin/../lib/gcc/arm-none-eabi/6.3.1/../../../../arm-none-eabi/lib/thumb/v6-m\libc.a(lib_a-lock.o)
__lock___sinit_recursive_mutex
                    0x1               c:/program files (x86)/atmel/studio/7.0/toolchain/arm/arm-gnu-toolchain/bin/../lib/gcc/arm-none-eabi/6.3.1/../../../../arm-none-eabi/lib/thumb/v6-m\libc.a(lib_a-lock.o)
__lock___malloc_recursive_mutex
                    0x1               c:/program files (x86)/atmel/studio/7.0/toolchain/arm/arm-gnu-toolchain/bin/../lib/gcc/arm-none-eabi/6.3.1/../../../../arm-none-eabi/lib/thumb/v6-m\libc.a(lib_a-lock.o)
__lock___at_quick_exit_mutex
                    0x1               c:/program files (x86)/atmel/studio/7.0/toolchain/arm/arm-gnu-toolchain/bin/../lib/gcc/arm-none-eabi/6.3.1/../../../../arm-none-eabi/lib/thumb/v6-m\libc.a(lib_a-lock.o)
__lock___dd_hash_mutex
                    0x1               c:/program files (x86)/atmel/studio/7.0/toolchain/arm/arm-gnu-toolchain/bin/../lib/gcc/arm-none-eabi/6.3.1/../../../../arm-none-eabi/lib/thumb/v6-m\libc.a(lib_a-lock.o)
__lock___tz_mutex   0x1               c:/program files (x86)/atmel/studio/7.0/toolchain/arm/arm-gnu-toolchain/bin/../lib/gcc/arm-none-eabi/6.3.1/../../../../arm-none-eabi/lib/thumb/v6-m\libc.a(lib_a-lock.o)
__lock___sfp_recursive_mutex
                    0x1               c:/program files (x86)/atmel/studio/7.0/toolchain/arm/arm-gnu-toolchain/bin/../lib/gcc/arm-none-eabi/6.3.1/../../../../arm-none-eabi/lib/thumb/v6-m\libc.a(lib_a-lock.o)

Discarded input sections

 .text          0x00000000        0x0 c:/program files (x86)/atmel/studio/7.0/toolchain/arm/arm-gnu-toolchain/bin/../lib/gcc/arm-none-eabi/6.3.1/thumb/v6-m/crti.o
 .data          0x00000000        0x0 c:/program files (x86)/atmel/studio/7.0/toolchain/arm/arm-gnu-toolchain/bin/../lib/gcc/arm-none-eabi/6.3.1/thumb/v6-m/crti.o
 .bss           0x00000000        0x0 c:/program files (x86)/atmel/studio/7.0/toolchain/arm/arm-gnu-toolchain/bin/../lib/gcc/arm-none-eabi/6.3.1/thumb/v6-m/crti.o
 .data          0x00000000        0x4 c:/program files (x86)/atmel/studio/7.0/toolchain/arm/arm-gnu-toolchain/bin/../lib/gcc/arm-none-eabi/6.3.1/thumb/v6-m/crtbegin.o
 .text          0x00000000       0x78 c:/program files (x86)/atmel/studio/7.0/toolchain/arm/arm-gnu-toolchain/bin/../lib/gcc/arm-none-eabi/6.3.1/../../../../arm-none-eabi/lib/thumb/v6-m/crt0.o
 .data          0x00000000        0x0 c:/program files (x86)/atmel/studio/7.0/toolchain/arm/arm-gnu-toolchain/bin/../lib/gcc/arm-none-eabi/6.3.1/../../../../arm-none-eabi/lib/thumb/v6-m/crt0.o
 .bss           0x00000000        0x0 c:/program files (x86)/atmel/studio/7.0/toolchain/arm/arm-gnu-toolchain/bin/../lib/gcc/arm-none-eabi/6.3.1/../../../../arm-none-eabi/lib/thumb/v6-m/crt0.o
 .ARM.extab     0x00000000        0x0 c:/program files (x86)/atmel/studio/7.0/toolchain/arm/arm-gnu-toolchain/bin/../lib/gcc/arm-none-eabi/6.3.1/../../../../arm-none-eabi/lib/thumb/v6-m/crt0.o
 .ARM.exidx     0x00000000        0x8 c:/program files (x86)/atmel/studio/7.0/toolchain/arm/arm-gnu-toolchain/bin/../lib/gcc/arm-none-eabi/6.3.1/../../../../arm-none-eabi/lib/thumb/v6-m/crt0.o
 .ARM.attributes
                0x00000000       0x1b c:/program files (x86)/atmel/studio/7.0/toolchain/arm/arm-gnu-toolchain/bin/../lib/gcc/arm-none-eabi/6.3.1/../../../../arm-none-eabi/lib/thumb/v6-m/crt0.o
 .group         0x00000000        0x8 counter.o
 .group         0x00000000        0x8 counter.o
 .group         0x00000000        0x8 counter.o
 .group         0x00000000        0x8 counter.o
 .group         0x00000000        0x8 counter.o
 .group         0x00000000        0x8 counter.o
 .group         0x00000000        0x8 counter.o
 .group         0x00000000        0x8 counter.o
 .group         0x00000000        0x8 counter.o
 .group         0x00000000        0x8 counter.o
 .group         0x00000000        0x8 counter.o
 .group         0x00000000        0x8 counter.o
 .group         0x00000000        0x8 counter.o
 .group         0x00000000        0x8 counter.o
 .group         0x00000000        0x8 counter.o
 .group         0x00000000        0x8 counter.o
 .group         0x00000000        0x8 counter.o
 .group         0x00000000        0x8 counter.o
 .group         0x00000000        0x8 counter.o
 .group         0x00000000        0x8 counter.o
 .group         0x00000000        0x8 counter.o
 .group         0x00000000        0x8 counter.o
 .group         0x00000000        0x8 counter.o
 .group         0x00000000        0x8 counter.o
 .group         0x00000000        0x8 counter.o
 .group         0x00000000        0x8 counter.o
 .group         0x00000000        0x8 counter.o
 .group         0x00000000        0x8 counter.o
 .group         0x00000000        0x8 counter.o
 .group         0x00000000        0x8 counter.o
 .group         0x00000000        0x8 counter.o
 .group         0x00000000        0x8 counter.o
 .group         0x00000000        0x8 counter.o
 .group         0x00000000        0x8 counter.o
 .group         0x00000000        0x8 counter.o
 .group         0x00000000        0x8 counter.o
 .group         0x00000000        0x8 counter.o
 .group         0x00000000        0x8 counter.o
 .group         0x00000000        0x8 counter.o
 .group         0x00000000        0x8 counter.o
 .group         0x00000000        0x8 counter.o
 .group         0x00000000        0x8 counter.o
 .group         0x00000000        0x8 counter.o
 .group         0x00000000        0x8 counter.o
 .group         0x00000000        0x8 counter.o
 .group         0x00000000        0x8 counter.o
 .group         0x00000000        0x8 counter.o
 .group         0x00000000        0x8 counter.o
 .group         0x00000000        0x8 counter.o
 .group         0x00000000        0x8 counter.o
 .group         0x00000000        0x8 counter.o
 .group         0x00000000        0x8 counter.o
 .group         0x00000000        0x8 counter.o
 .group         0x00000000        0x8 counter.o
 .group         0x00000000        0x8 counter.o
 .group         0x00000000        0x8 counter.o
 .group         0x00000000        0x8 counter.o
 .group         0x00000000        0x8 counter.o
 .group         0x00000000        0x8 counter.o
 .group         0x00000000        0x8 counter.o
 .group         0x00000000        0x8 counter.o
 .group         0x00000000        0x8 counter.o
 .group         0x00000000        0x8 counter.o
 .group         0x00000000        0x8 counter.o
 .group         0x00000000        0x8 counter.o
 .group         0x00000000        0x8 counter.o
 .group         0x00000000        0x8 counter.o
 .group         0x00000000        0x8 counter.o
 .group         0x00000000        0x8 counter.o
 .group         0x00000000        0x8 counter.o
 .group         0x00000000        0x8 counter.o
 .text          0x00000000        0x0 counter.o
 .data          0x00000000        0x0 counter.o
 .bss           0x00000000        0x0 counter.o
 .group         0x00000000        0x8 Device_Startup/startup_samd21.o
 .group         0x00000000        0x8 Device_Startup/startup_samd21.o
 .group         0x00000000        0x8 Device_Startup/startup_samd21.o
 .group         0x00000000        0x8 Device_Startup/startup_samd21.o
 .group         0x00000000        0x8 Device_Startup/startup_samd21.o
 .group         0x00000000        0x8 Device_Startup/startup_samd21.o
 .group         0x00000000        0x8 Device_Startup/startup_samd21.o
 .group         0x00000000        0x8 Device_Startup/startup_samd21.o
 .group         0x00000000        0x8 Device_Startup/startup_samd21.o
 .group         0x00000000        0x8 Device_Startup/startup_samd21.o
 .group         0x00000000        0x8 Device_Startup/startup_samd21.o
 .group         0x00000000        0x8 Device_Startup/startup_samd21.o
 .group         0x00000000        0x8 Device_Startup/startup_samd21.o
 .group         0x00000000        0x8 Device_Startup/startup_samd21.o
 .group         0x00000000        0x8 Device_Startup/startup_samd21.o
 .group         0x00000000        0x8 Device_Startup/startup_samd21.o
 .group         0x00000000        0x8 Device_Startup/startup_samd21.o
 .group         0x00000000        0x8 Device_Startup/startup_samd21.o
 .group         0x00000000        0x8 Device_Startup/startup_samd21.o
 .group         0x00000000        0x8 Device_Startup/startup_samd21.o
 .group         0x00000000        0x8 Device_Startup/startup_samd21.o
 .group         0x00000000        0x8 Device_Startup/startup_samd21.o
 .group         0x00000000        0x8 Device_Startup/startup_samd21.o
 .group         0x00000000        0x8 Device_Startup/startup_samd21.o
 .group         0x00000000        0x8 Device_Startup/startup_samd21.o
 .group         0x00000000        0x8 Device_Startup/startup_samd21.o
 .group         0x00000000        0x8 Device_Startup/startup_samd21.o
 .group         0x00000000        0x8 Device_Startup/startup_samd21.o
 .group         0x00000000        0x8 Device_Startup/startup_samd21.o
 .group         0x00000000        0x8 Device_Startup/startup_samd21.o
 .group         0x00000000        0x8 Device_Startup/startup_samd21.o
 .group         0x00000000        0x8 Device_Startup/startup_samd21.o
 .group         0x00000000        0x8 Device_Startup/startup_samd21.o
 .group         0x00000000        0x8 Device_Startup/startup_samd21.o
 .group         0x00000000        0x8 Device_Startup/startup_samd21.o
 .group         0x00000000        0x8 Device_Startup/startup_samd21.o
 .group         0x00000000        0x8 Device_Startup/startup_samd21.o
 .group         0x00000000        0x8 Device_Startup/startup_samd21.o
 .group         0x00000000        0x8 Device_Startup/startup_samd21.o
 .group         0x00000000        0x8 Device_Startup/startup_samd21.o
 .group         0x00000000        0x8 Device_Startup/startup_samd21.o
 .group         0x00000000        0x8 Device_Startup/startup_samd21.o
 .group         0x00000000        0x8 Device_Startup/startup_samd21.o
 .group         0x00000000        0x8 Device_Startup/startup_samd21.o
 .group         0x00000000        0x8 Device_Startup/startup_samd21.o
 .group         0x00000000        0x8 Device_Startup/startup_samd21.o
 .group         0x00000000        0x8 Device_Startup/startup_samd21.o
 .group         0x00000000        0x8 Device_Startup/startup_samd21.o
 .group         0x00000000        0x8 Device_Startup/startup_samd21.o
 .group         0x00000000        0x8 Device_Startup/startup_samd21.o
 .group         0x00000000        0x8 Device_Startup/startup_samd21.o
 .group         0x00000000        0x8 Device_Startup/startup_samd21.o
 .group         0x00000000        0x8 Device_Startup/startup_samd21.o
 .group         0x00000000        0x8 Device_Startup/startup_samd21.o
 .group         0x00000000        0x8 Device_Startup/startup_samd21.o
 .group         0x00000000        0x8 Device_Startup/startup_samd21.o
 .group         0x00000000        0x8 Device_Startup/startup_samd21.o
 .group         0x00000000        0x8 Device_Startup/startup_samd21.o
 .group         0x00000000        0x8 Device_Startup/startup_samd21.o
 .group         0x00000000        0x8 Device_Startup/startup_samd21.o
 .group         0x00000000        0x8 Device_Startup/startup_samd21.o
 .group         0x00000000        0x8 Device_Startup/startup_samd21.o
 .group         0x00000000        0x8 Device_Startup/startup_samd21.o
 .group         0x00000000        0x8 Device_Startup/startup_samd21.o
 .group         0x00000000        0x8 Device_Startup/startup_samd21.o
 .group         0x00000000        0x8 Device_Startup/startup_samd21.o
 .group         0x00000000        0x8 Device_Startup/startup_samd21.o
 .group         0x00000000        0x8 Device_Startup/startup_samd21.o
 .group         0x00000000        0x8 Device_Startup/startup_samd21.o
 .group         0x00000000        0x8 Device_Startup/startup_samd21.o
 .group         0x00000000        0x8 Device_Startup/startup_samd21.o
 .text          0x00000000        0x0 Device_Startup/startup_samd21.o
 .data          0x00000000        0x0 Device_Startup/startup_samd21.o
 .bss           0x00000000        0x0 Device_Startup/startup_samd21.o
 .debug_macro   0x00000000      0x8a4 Device_Startup/startup_samd21.o
 .debug_macro   0x00000000       0x22 Device_Startup/startup_samd21.o
 .debug_macro   0x00000000       0x87 Device_Startup/startup_samd21.o
 .debug_macro   0x00000000       0x51 Device_Startup/startup_samd21.o
 .debug_macro   0x00000000       0xef Device_Startup/startup_samd21.o
 .debug_macro   0x00000000       0x6a Device_Startup/startup_samd21.o
 .debug_macro   0x00000000      0x1df Device_Startup/startup_samd21.o
 .debug_macro   0x00000000       0x39 Device_Startup/startup_samd21.o
 .debug_macro   0x00000000       0x1c Device_Startup/startup_samd21.o
 .debug_macro   0x00000000       0x22 Device_Startup/startup_samd21.o
 .debug_macro   0x00000000       0xb5 Device_Startup/startup_samd21.o
 .debug_macro   0x00000000      0x3ad Device_Startup/startup_samd21.o
 .debug_macro   0x00000000      0x67e Device_Startup/startup_samd21.o
 .debug_macro   0x00000000      0x8b1 Device_Startup/startup_samd21.o
 .debug_macro   0x00000000      0x22e Device_Startup/startup_samd21.o
 .debug_macro   0x00000000      0xd5c Device_Startup/startup_samd21.o
 .debug_macro   0x00000000      0x4dc Device_Startup/startup_samd21.o
 .debug_macro   0x00000000      0x9f6 Device_Startup/startup_samd21.o
 .debug_macro   0x00000000      0x82b Device_Startup/startup_samd21.o
 .debug_macro   0x00000000      0x45f Device_Startup/startup_samd21.o
 .debug_macro   0x00000000       0x5e Device_Startup/startup_samd21.o
 .debug_macro   0x00000000      0x8f9 Device_Startup/startup_samd21.o
 .debug_macro   0x00000000      0x21c Device_Startup/startup_samd21.o
 .debug_macro   0x00000000      0x735 Device_Startup/startup_samd21.o
 .debug_macro   0x00000000       0x5e Device_Startup/startup_samd21.o
 .debug_macro   0x00000000      0x632 Device_Startup/startup_samd21.o
 .debug_macro   0x00000000      0x3ac Device_Startup/startup_samd21.o
 .debug_macro   0x00000000      0xc76 Device_Startup/startup_samd21.o
 .debug_macro   0x00000000     0x1092 Device_Startup/startup_samd21.o
 .debug_macro   0x00000000      0xc4a Device_Startup/startup_samd21.o
 .debug_macro   0x00000000      0x6ba Device_Startup/startup_samd21.o
 .debug_macro   0x00000000     0x1b3d Device_Startup/startup_samd21.o
 .debug_macro   0x00000000     0x143c Device_Startup/startup_samd21.o
 .debug_macro   0x00000000      0x340 Device_Startup/startup_samd21.o
 .debug_macro   0x00000000       0x7c Device_Startup/startup_samd21.o
 .debug_macro   0x00000000       0xa0 Device_Startup/startup_samd21.o
 .debug_macro   0x00000000       0x4c Device_Startup/startup_samd21.o
 .debug_macro   0x00000000       0xca Device_Startup/startup_samd21.o
 .debug_macro   0x00000000       0x94 Device_Startup/startup_samd21.o
 .debug_macro   0x00000000       0x58 Device_Startup/startup_samd21.o
 .debug_macro   0x00000000      0x341 Device_Startup/startup_samd21.o
 .debug_macro   0x00000000       0x82 Device_Startup/startup_samd21.o
 .debug_macro   0x00000000      0x189 Device_Startup/startup_samd21.o
 .debug_macro   0x00000000       0xb8 Device_Startup/startup_samd21.o
 .debug_macro   0x00000000       0xa0 Device_Startup/startup_samd21.o
 .debug_macro   0x00000000       0xb2 Device_Startup/startup_samd21.o
 .debug_macro   0x00000000       0x1c Device_Startup/startup_samd21.o
 .debug_macro   0x00000000       0x1c Device_Startup/startup_samd21.o
 .debug_macro   0x00000000       0x1c Device_Startup/startup_samd21.o
 .debug_macro   0x00000000       0x7c Device_Startup/startup_samd21.o
 .debug_macro   0x00000000      0x15a Device_Startup/startup_samd21.o
 .debug_macro   0x00000000       0x10 Device_Startup/startup_samd21.o
 .debug_macro   0x00000000       0xdc Device_Startup/startup_samd21.o
 .debug_macro   0x00000000      0x124 Device_Startup/startup_samd21.o
 .debug_macro   0x00000000      0x124 Device_Startup/startup_samd21.o
 .debug_macro   0x00000000      0x124 Device_Startup/startup_samd21.o
 .debug_macro   0x00000000      0x124 Device_Startup/startup_samd21.o
 .debug_macro   0x00000000      0x124 Device_Startup/startup_samd21.o
 .debug_macro   0x00000000      0x124 Device_Startup/startup_samd21.o
 .debug_macro   0x00000000      0x124 Device_Startup/startup_samd21.o
 .debug_macro   0x00000000       0xe2 Device_Startup/startup_samd21.o
 .debug_macro   0x00000000       0xe2 Device_Startup/startup_samd21.o
 .debug_macro   0x00000000       0xe2 Device_Startup/startup_samd21.o
 .debug_macro   0x00000000      0x12a Device_Startup/startup_samd21.o
 .debug_macro   0x00000000      0x100 Device_Startup/startup_samd21.o
 .debug_macro   0x00000000       0xf4 Device_Startup/startup_samd21.o
 .debug_macro   0x00000000      0x40f Device_Startup/startup_samd21.o
 .debug_macro   0x00000000       0x40 Device_Startup/startup_samd21.o
 .debug_macro   0x00000000      0x376 Device_Startup/startup_samd21.o
 .debug_macro   0x00000000     0x17df Device_Startup/startup_samd21.o
 .debug_macro   0x00000000       0x6d Device_Startup/startup_samd21.o
 .group         0x00000000        0x8 Device_Startup/system_samd21.o
 .group         0x00000000        0x8 Device_Startup/system_samd21.o
 .group         0x00000000        0x8 Device_Startup/system_samd21.o
 .group         0x00000000        0x8 Device_Startup/system_samd21.o
 .group         0x00000000        0x8 Device_Startup/system_samd21.o
 .group         0x00000000        0x8 Device_Startup/system_samd21.o
 .group         0x00000000        0x8 Device_Startup/system_samd21.o
 .group         0x00000000        0x8 Device_Startup/system_samd21.o
 .group         0x00000000        0x8 Device_Startup/system_samd21.o
 .group         0x00000000        0x8 Device_Startup/system_samd21.o
 .group         0x00000000        0x8 Device_Startup/system_samd21.o
 .group         0x00000000        0x8 Device_Startup/system_samd21.o
 .group         0x00000000        0x8 Device_Startup/system_samd21.o
 .group         0x00000000        0x8 Device_Startup/system_samd21.o
 .group         0x00000000        0x8 Device_Startup/system_samd21.o
 .group         0x00000000        0x8 Device_Startup/system_samd21.o
 .group         0x00000000        0x8 Device_Startup/system_samd21.o
 .group         0x00000000        0x8 Device_Startup/system_samd21.o
 .group         0x00000000        0x8 Device_Startup/system_samd21.o
 .group         0x00000000        0x8 Device_Startup/system_samd21.o
 .group         0x00000000        0x8 Device_Startup/system_samd21.o
 .group         0x00000000        0x8 Device_Startup/system_samd21.o
 .group         0x00000000        0x8 Device_Startup/system_samd21.o
 .group         0x00000000        0x8 Device_Startup/system_samd21.o
 .group         0x00000000        0x8 Device_Startup/system_samd21.o
 .group         0x00000000        0x8 Device_Startup/system_samd21.o
 .group         0x00000000        0x8 Device_Startup/system_samd21.o
 .group         0x00000000        0x8 Device_Startup/system_samd21.o
 .group         0x00000000        0x8 Device_Startup/system_samd21.o
 .group         0x00000000        0x8 Device_Startup/system_samd21.o
 .group         0x00000000        0x8 Device_Startup/system_samd21.o
 .group         0x00000000        0x8 Device_Startup/system_samd21.o
 .group         0x00000000        0x8 Device_Startup/system_samd21.o
 .group         0x00000000        0x8 Device_Startup/system_samd21.o
 .group         0x00000000        0x8 Device_Startup/system_samd21.o
 .group         0x00000000        0x8 Device_Startup/system_samd21.o
 .group         0x00000000        0x8 Device_Startup/system_samd21.o
 .group         0x00000000        0x8 Device_Startup/system_samd21.o
 .group         0x00000000        0x8 Device_Startup/system_samd21.o
 .group         0x00000000        0x8 Device_Startup/system_samd21.o
 .group         0x00000000        0x8 Device_Startup/system_samd21.o
 .group         0x00000000        0x8 Device_Startup/system_samd21.o
 .group         0x00000000        0x8 Device_Startup/system_samd21.o
 .group         0x00000000        0x8 Device_Startup/system_samd21.o
 .group         0x00000000        0x8 Device_Startup/system_samd21.o
 .group         0x00000000        0x8 Device_Startup/system_samd21.o
 .group         0x00000000        0x8 Device_Startup/system_samd21.o
 .group         0x00000000        0x8 Device_Startup/system_samd21.o
 .group         0x00000000        0x8 Device_Startup/system_samd21.o
 .group         0x00000000        0x8 Device_Startup/system_samd21.o
 .group         0x00000000        0x8 Device_Startup/system_samd21.o
 .group         0x00000000        0x8 Device_Startup/system_samd21.o
 .group         0x00000000        0x8 Device_Startup/system_samd21.o
 .group         0x00000000        0x8 Device_Startup/system_samd21.o
 .group         0x00000000        0x8 Device_Startup/system_samd21.o
 .group         0x00000000        0x8 Device_Startup/system_samd21.o
 .group         0x00000000        0x8 Device_Startup/system_samd21.o
 .group         0x00000000        0x8 Device_Startup/system_samd21.o
 .group         0x00000000        0x8 Device_Startup/system_samd21.o
 .group         0x00000000        0x8 Device_Startup/system_samd21.o
 .group         0x00000000        0x8 Device_Startup/system_samd21.o
 .group         0x00000000        0x8 Device_Startup/system_samd21.o
 .group         0x00000000        0x8 Device_Startup/system_samd21.o
 .group         0x00000000        0x8 Device_Startup/system_samd21.o
 .group         0x00000000        0x8 Device_Startup/system_samd21.o
 .group         0x00000000        0x8 Device_Startup/system_samd21.o
 .group         0x00000000        0x8 Device_Startup/system_samd21.o
 .group         0x00000000        0x8 Device_Startup/system_samd21.o
 .group         0x00000000        0x8 Device_Startup/system_samd21.o
 .group         0x00000000        0x8 Device_Startup/system_samd21.o
 .group         0x00000000        0x8 Device_Startup/system_samd21.o
 .text          0x00000000        0x0 Device_Startup/system_samd21.o
 .bss           0x00000000        0x0 Device_Startup/system_samd21.o
 .text.SystemCoreClockUpdate
                0x00000000       0x10 Device_Startup/system_samd21.o
 .debug_macro   0x00000000      0x8a4 Device_Startup/system_samd21.o
 .debug_macro   0x00000000       0x22 Device_Startup/system_samd21.o
 .debug_macro   0x00000000       0x87 Device_Startup/system_samd21.o
 .debug_macro   0x00000000       0x51 Device_Startup/system_samd21.o
 .debug_macro   0x00000000       0xef Device_Startup/system_samd21.o
 .debug_macro   0x00000000       0x6a Device_Startup/system_samd21.o
 .debug_macro   0x00000000      0x1df Device_Startup/system_samd21.o
 .debug_macro   0x00000000       0x39 Device_Startup/system_samd21.o
 .debug_macro   0x00000000       0x1c Device_Startup/system_samd21.o
 .debug_macro   0x00000000       0x22 Device_Startup/system_samd21.o
 .debug_macro   0x00000000       0xb5 Device_Startup/system_samd21.o
 .debug_macro   0x00000000      0x3ad Device_Startup/system_samd21.o
 .debug_macro   0x00000000      0x67e Device_Startup/system_samd21.o
 .debug_macro   0x00000000      0x8b1 Device_Startup/system_samd21.o
 .debug_macro   0x00000000      0x22e Device_Startup/system_samd21.o
 .debug_macro   0x00000000      0xd5c Device_Startup/system_samd21.o
 .debug_macro   0x00000000      0x4dc Device_Startup/system_samd21.o
 .debug_macro   0x00000000      0x9f6 Device_Startup/system_samd21.o
 .debug_macro   0x00000000      0x82b Device_Startup/system_samd21.o
 .debug_macro   0x00000000      0x45f Device_Startup/system_samd21.o
 .debug_macro   0x00000000       0x5e Device_Startup/system_samd21.o
 .debug_macro   0x00000000      0x8f9 Device_Startup/system_samd21.o
 .debug_macro   0x00000000      0x21c Device_Startup/system_samd21.o
 .debug_macro   0x00000000      0x735 Device_Startup/system_samd21.o
 .debug_macro   0x00000000       0x5e Device_Startup/system_samd21.o
 .debug_macro   0x00000000      0x632 Device_Startup/system_samd21.o
 .debug_macro   0x00000000      0x3ac Device_Startup/system_samd21.o
 .debug_macro   0x00000000      0xc76 Device_Startup/system_samd21.o
 .debug_macro   0x00000000     0x1092 Device_Startup/system_samd21.o
 .debug_macro   0x00000000      0xc4a Device_Startup/system_samd21.o
 .debug_macro   0x00000000      0x6ba Device_Startup/system_samd21.o
 .debug_macro   0x00000000     0x1b3d Device_Startup/system_samd21.o
 .debug_macro   0x00000000     0x143c Device_Startup/system_samd21.o
 .debug_macro   0x00000000      0x340 Device_Startup/system_samd21.o
 .debug_macro   0x00000000       0x7c Device_Startup/system_samd21.o
 .debug_macro   0x00000000       0xa0 Device_Startup/system_samd21.o
 .debug_macro   0x00000000       0x4c Device_Startup/system_samd21.o
 .debug_macro   0x00000000       0xca Device_Startup/system_samd21.o
 .debug_macro   0x00000000       0x94 Device_Startup/system_samd21.o
 .debug_macro   0x00000000       0x58 Device_Startup/system_samd21.o
 .debug_macro   0x00000000      0x341 Device_Startup/system_samd21.o
 .debug_macro   0x00000000       0x82 Device_Startup/system_samd21.o
 .debug_macro   0x00000000      0x189 Device_Startup/system_samd21.o
 .debug_macro   0x00000000       0xb8 Device_Startup/system_samd21.o
 .debug_macro   0x00000000       0xa0 Device_Startup/system_samd21.o
 .debug_macro   0x00000000       0xb2 Device_Startup/system_samd21.o
 .debug_macro   0x00000000       0x1c Device_Startup/system_samd21.o
 .debug_macro   0x00000000       0x1c Device_Startup/system_samd21.o
 .debug_macro   0x00000000       0x1c Device_Startup/system_samd21.o
 .debug_macro   0x00000000       0x7c Device_Startup/system_samd21.o
 .debug_macro   0x00000000      0x15a Device_Startup/system_samd21.o
 .debug_macro   0x00000000       0x10 Device_Startup/system_samd21.o
 .debug_macro   0x00000000       0xdc Device_Startup/system_samd21.o
 .debug_macro   0x00000000      0x124 Device_Startup/system_samd21.o
 .debug_macro   0x00000000      0x124 Device_Startup/system_samd21.o
 .debug_macro   0x00000000      0x124 Device_Startup/system_samd21.o
 .debug_macro   0x00000000      0x124 Device_Startup/system_samd21.o
 .debug_macro   0x00000000      0x124 Device_Startup/system_samd21.o
 .debug_macro   0x00000000      0x124 Device_Startup/system_samd21.o
 .debug_macro   0x00000000      0x124 Device_Startup/system_samd21.o
 .debug_macro   0x00000000       0xe2 Device_Startup/system_samd21.o
 .debug_macro   0x00000000       0xe2 Device_Startup/system_samd21.o
 .debug_macro   0x00000000       0xe2 Device_Startup/system_samd21.o
 .debug_macro   0x00000000      0x12a Device_Startup/system_samd21.o
 .debug_macro   0x00000000      0x100 Device_Startup/system_samd21.o
 .debug_macro   0x00000000       0xf4 Device_Startup/system_samd21.o
 .debug_macro   0x00000000      0x40f Device_Startup/system_samd21.o
 .debug_macro   0x00000000       0x40 Device_Startup/system_samd21.o
 .debug_macro   0x00000000      0x376 Device_Startup/system_samd21.o
 .debug_macro   0x00000000     0x17df Device_Startup/system_samd21.o
 .debug_macro   0x00000000       0x6d Device_Startup/system_samd21.o
 .group         0x00000000        0x8 event.o
 .group         0x00000000        0x8 event.o
 .group         0x00000000        0x8 event.o
 .group         0x00000000        0x8 event.o
 .group         0x00000000        0x8 event.o
 .group         0x00000000        0x8 event.o
 .group         0x00000000        0x8 event.o
 .group         0x00000000        0x8 event.o
 .group         0x00000000        0x8 event.o
 .group         0x00000000        0x8 event.o
 .group         0x00000000        0x8 event.o
 .group         0x00000000        0x8 event.o
 .group         0x00000000        0x8 event.o
 .group         0x00000000        0x8 event.o
 .group         0x00000000        0x8 event.o
 .group         0x00000000        0x8 event.o
 .group         0x00000000        0x8 event.o
 .group         0x00000000        0x8 event.o
 .group         0x00000000        0x8 event.o
 .group         0x00000000        0x8 event.o
 .group         0x00000000        0x8 event.o
 .group         0x00000000        0x8 event.o
 .group         0x00000000        0x8 event.o
 .group         0x00000000        0x8 event.o
 .group         0x00000000        0x8 event.o
 .group         0x00000000        0x8 event.o
 .group         0x00000000        0x8 event.o
 .group         0x00000000        0x8 event.o
 .group         0x00000000        0x8 event.o
 .group         0x00000000        0x8 event.o
 .group         0x00000000        0x8 event.o
 .group         0x00000000        0x8 event.o
 .group         0x00000000        0x8 event.o
 .group         0x00000000        0x8 event.o
 .group         0x00000000        0x8 event.o
 .group         0x00000000        0x8 event.o
 .group         0x00000000        0x8 event.o
 .group         0x00000000        0x8 event.o
 .group         0x00000000        0x8 event.o
 .group         0x00000000        0x8 event.o
 .group         0x00000000        0x8 event.o
 .group         0x00000000        0x8 event.o
 .group         0x00000000        0x8 event.o
 .group         0x00000000        0x8 event.o
 .group         0x00000000        0x8 event.o
 .group         0x00000000        0x8 event.o
 .group         0x00000000        0x8 event.o
 .group         0x00000000        0x8 event.o
 .group         0x00000000        0x8 event.o
 .group         0x00000000        0x8 event.o
 .group         0x00000000        0x8 event.o
 .group         0x00000000        0x8 event.o
 .group         0x00000000        0x8 event.o
 .group         0x00000000        0x8 event.o
 .group         0x00000000        0x8 event.o
 .group         0x00000000        0x8 event.o
 .group         0x00000000        0x8 event.o
 .group         0x00000000        0x8 event.o
 .group         0x00000000        0x8 event.o
 .group         0x00000000        0x8 event.o
 .group         0x00000000        0x8 event.o
 .group         0x00000000        0x8 event.o
 .group         0x00000000        0x8 event.o
 .group         0x00000000        0x8 event.o
 .group         0x00000000        0x8 event.o
 .group         0x00000000        0x8 event.o
 .group         0x00000000        0x8 event.o
 .group         0x00000000        0x8 event.o
 .group         0x00000000        0x8 event.o
 .group         0x00000000        0x8 event.o
 .group         0x00000000        0x8 event.o
 .text          0x00000000        0x0 event.o
 .data          0x00000000        0x0 event.o
 .bss           0x00000000        0x0 event.o
 .debug_macro   0x00000000      0x8a4 event.o
 .debug_macro   0x00000000       0x22 event.o
 .debug_macro   0x00000000       0x87 event.o
 .debug_macro   0x00000000       0x51 event.o
 .debug_macro   0x00000000       0xef event.o
 .debug_macro   0x00000000       0x6a event.o
 .debug_macro   0x00000000      0x1df event.o
 .debug_macro   0x00000000       0x39 event.o
 .debug_macro   0x00000000       0x1c event.o
 .debug_macro   0x00000000       0x22 event.o
 .debug_macro   0x00000000       0xb5 event.o
 .debug_macro   0x00000000      0x3ad event.o
 .debug_macro   0x00000000      0x67e event.o
 .debug_macro   0x00000000      0x8b1 event.o
 .debug_macro   0x00000000      0x22e event.o
 .debug_macro   0x00000000      0xd5c event.o
 .debug_macro   0x00000000      0x4dc event.o
 .debug_macro   0x00000000      0x9f6 event.o
 .debug_macro   0x00000000      0x82b event.o
 .debug_macro   0x00000000      0x45f event.o
 .debug_macro   0x00000000       0x5e event.o
 .debug_macro   0x00000000      0x8f9 event.o
 .debug_macro   0x00000000      0x21c event.o
 .debug_macro   0x00000000      0x735 event.o
 .debug_macro   0x00000000       0x5e event.o
 .debug_macro   0x00000000      0x632 event.o
 .debug_macro   0x00000000      0x3ac event.o
 .debug_macro   0x00000000      0xc76 event.o
 .debug_macro   0x00000000     0x1092 event.o
 .debug_macro   0x00000000      0xc4a event.o
 .debug_macro   0x00000000      0x6ba event.o
 .debug_macro   0x00000000     0x1b3d event.o
 .debug_macro   0x00000000     0x143c event.o
 .debug_macro   0x00000000      0x340 event.o
 .debug_macro   0x00000000       0x7c event.o
 .debug_macro   0x00000000       0xa0 event.o
 .debug_macro   0x00000000       0x4c event.o
 .debug_macro   0x00000000       0xca event.o
 .debug_macro   0x00000000       0x94 event.o
 .debug_macro   0x00000000       0x58 event.o
 .debug_macro   0x00000000      0x341 event.o
 .debug_macro   0x00000000       0x82 event.o
 .debug_macro   0x00000000      0x189 event.o
 .debug_macro   0x00000000       0xb8 event.o
 .debug_macro   0x00000000       0xa0 event.o
 .debug_macro   0x00000000       0xb2 event.o
 .debug_macro   0x00000000       0x1c event.o
 .debug_macro   0x00000000       0x1c event.o
 .debug_macro   0x00000000       0x1c event.o
 .debug_macro   0x00000000       0x7c event.o
 .debug_macro   0x00000000      0x15a event.o
 .debug_macro   0x00000000       0x10 event.o
 .debug_macro   0x00000000       0xdc event.o
 .debug_macro   0x00000000      0x124 event.o
 .debug_macro   0x00000000      0x124 event.o
 .debug_macro   0x00000000      0x124 event.o
 .debug_macro   0x00000000      0x124 event.o
 .debug_macro   0x00000000      0x124 event.o
 .debug_macro   0x00000000      0x124 event.o
 .debug_macro   0x00000000      0x124 event.o
 .debug_macro   0x00000000       0xe2 event.o
 .debug_macro   0x00000000       0xe2 event.o
 .debug_macro   0x00000000       0xe2 event.o
 .debug_macro   0x00000000      0x12a event.o
 .debug_macro   0x00000000      0x100 event.o
 .debug_macro   0x00000000       0xf4 event.o
 .debug_macro   0x00000000      0x40f event.o
 .debug_macro   0x00000000       0x40 event.o
 .debug_macro   0x00000000      0x376 event.o
 .debug_macro   0x00000000     0x17df event.o
 .debug_macro   0x00000000       0x6d event.o
 .group         0x00000000        0x8 main.o
 .group         0x00000000        0x8 main.o
 .group         0x00000000        0x8 main.o
 .group         0x00000000        0x8 main.o
 .group         0x00000000        0x8 main.o
 .group         0x00000000        0x8 main.o
 .group         0x00000000        0x8 main.o
 .group         0x00000000        0x8 main.o
 .group         0x00000000        0x8 main.o
 .group         0x00000000        0x8 main.o
 .group         0x00000000        0x8 main.o
 .group         0x00000000        0x8 main.o
 .group         0x00000000        0x8 main.o
 .group         0x00000000        0x8 main.o
 .group         0x00000000        0x8 main.o
 .group         0x00000000        0x8 main.o
 .group         0x00000000        0x8 main.o
 .group         0x00000000        0x8 main.o
 .group         0x00000000        0x8 main.o
 .group         0x00000000        0x8 main.o
 .group         0x00000000        0x8 main.o
 .group         0x00000000        0x8 main.o
 .group         0x00000000        0x8 main.o
 .group         0x00000000        0x8 main.o
 .group         0x00000000        0x8 main.o
 .group         0x00000000        0x8 main.o
 .group         0x00000000        0x8 main.o
 .group         0x00000000        0x8 main.o
 .group         0x00000000        0x8 main.o
 .group         0x00000000        0x8 main.o
 .group         0x00000000        0x8 main.o
 .group         0x00000000        0x8 main.o
 .group         0x00000000        0x8 main.o
 .group         0x00000000        0x8 main.o
 .group         0x00000000        0x8 main.o
 .group         0x00000000        0x8 main.o
 .group         0x00000000        0x8 main.o
 .group         0x00000000        0x8 main.o
 .group         0x00000000        0x8 main.o
 .group         0x00000000        0x8 main.o
 .group         0x00000000        0x8 main.o
 .group         0x00000000        0x8 main.o
 .group         0x00000000        0x8 main.o
 .group         0x00000000        0x8 main.o
 .group         0x00000000        0x8 main.o
 .group         0x00000000        0x8 main.o
 .group         0x00000000        0x8 main.o
 .group         0x00000000        0x8 main.o
 .group         0x00000000        0x8 main.o
 .group         0x00000000        0x8 main.o
 .group         0x00000000        0x8 main.o
 .group         0x00000000        0x8 main.o
 .group         0x00000000        0x8 main.o
 .group         0x00000000        0x8 main.o
 .group         0x00000000        0x8 main.o
 .group         0x00000000        0x8 main.o
 .group         0x00000000        0x8 main.o
 .group         0x00000000        0x8 main.o
 .group         0x00000000        0x8 main.o
 .group         0x00000000        0x8 main.o
 .group         0x00000000        0x8 main.o
 .group         0x00000000        0x8 main.o
 .group         0x00000000        0x8 main.o
 .group         0x00000000        0x8 main.o
 .group         0x00000000        0x8 main.o
 .group         0x00000000        0x8 main.o
 .group         0x00000000        0x8 main.o
 .group         0x00000000        0x8 main.o
 .group         0x00000000        0x8 main.o
 .group         0x00000000        0x8 main.o
 .group         0x00000000        0x8 main.o
 .text          0x00000000        0x0 main.o
 .debug_macro   0x00000000      0x8a4 main.o
 .debug_macro   0x00000000       0x22 main.o
 .debug_macro   0x00000000       0x87 main.o
 .debug_macro   0x00000000       0x51 main.o
 .debug_macro   0x00000000       0xef main.o
 .debug_macro   0x00000000       0x6a main.o
 .debug_macro   0x00000000      0x1df main.o
 .debug_macro   0x00000000       0x39 main.o
 .debug_macro   0x00000000       0x1c main.o
 .debug_macro   0x00000000       0x22 main.o
 .debug_macro   0x00000000       0xb5 main.o
 .debug_macro   0x00000000      0x3ad main.o
 .debug_macro   0x00000000      0x67e main.o
 .debug_macro   0x00000000      0x8b1 main.o
 .debug_macro   0x00000000      0x22e main.o
 .debug_macro   0x00000000      0xd5c main.o
 .debug_macro   0x00000000      0x4dc main.o
 .debug_macro   0x00000000      0x9f6 main.o
 .debug_macro   0x00000000      0x82b main.o
 .debug_macro   0x00000000      0x45f main.o
 .debug_macro   0x00000000       0x5e main.o
 .debug_macro   0x00000000      0x8f9 main.o
 .debug_macro   0x00000000      0x21c main.o
 .debug_macro   0x00000000      0x735 main.o
 .debug_macro   0x00000000       0x5e main.o
 .debug_macro   0x00000000      0x632 main.o
 .debug_macro   0x00000000      0x3ac main.o
 .debug_macro   0x00000000      0xc76 main.o
 .debug_macro   0x00000000     0x1092 main.o
 .debug_macro   0x00000000      0xc4a main.o
 .debug_macro   0x00000000      0x6ba main.o
 .debug_macro   0x00000000     0x1b3d main.o
 .debug_macro   0x00000000     0x143c main.o
 .debug_macro   0x00000000      0x340 main.o
 .debug_macro   0x00000000       0x7c main.o
 .debug_macro   0x00000000       0xa0 main.o
 .debug_macro   0x00000000       0x4c main.o
 .debug_macro   0x00000000       0xca main.o
 .debug_macro   0x00000000       0x94 main.o
 .debug_macro   0x00000000       0x58 main.o
 .debug_macro   0x00000000      0x341 main.o
 .debug_macro   0x00000000       0x82 main.o
 .debug_macro   0x00000000      0x189 main.o
 .debug_macro   0x00000000       0xb8 main.o
 .debug_macro   0x00000000       0xa0 main.o
 .debug_macro   0x00000000       0xb2 main.o
 .debug_macro   0x00000000       0x1c main.o
 .debug_macro   0x00000000       0x1c main.o
 .debug_macro   0x00000000       0x1c main.o
 .debug_macro   0x00000000       0x7c main.o
 .debug_macro   0x00000000      0x15a main.o
 .debug_macro   0x00000000       0x10 main.o
 .debug_macro   0x00000000       0xdc main.o
 .debug_macro   0x00000000      0x124 main.o
 .debug_macro   0x00000000      0x124 main.o
 .debug_macro   0x00000000      0x124 main.o
 .debug_macro   0x00000000      0x124 main.o
 .debug_macro   0x00000000      0x124 main.o
 .debug_macro   0x00000000      0x124 main.o
 .debug_macro   0x00000000      0x124 main.o
 .debug_macro   0x00000000       0xe2 main.o
 .debug_macro   0x00000000       0xe2 main.o
 .debug_macro   0x00000000       0xe2 main.o
 .debug_macro   0x00000000      0x12a main.o
 .debug_macro   0x00000000      0x100 main.o
 .debug_macro   0x00000000       0xf4 main.o
 .debug_macro   0x00000000      0x40f main.o
 .debug_macro   0x00000000       0x40 main.o
 .debug_macro   0x00000000      0x376 main.o
 .debug_macro   0x00000000     0x17df main.o
 .debug_macro   0x00000000       0x6d main.o
 .group         0x00000000        0x8 timer.o
 .group         0x00000000        0x8 timer.o
 .group         0x00000000        0x8 timer.o
 .group         0x00000000        0x8 timer.o
 .group         0x00000000        0x8 timer.o
 .group         0x00000000        0x8 timer.o
 .group         0x00000000        0x8 timer.o
 .group         0x00000000        0x8 timer.o
 .group         0x00000000        0x8 timer.o
 .group         0x00000000        0x8 timer.o
 .group         0x00000000        0x8 timer.o
 .group         0x00000000        0x8 timer.o
 .group         0x00000000        0x8 timer.o
 .group         0x00000000        0x8 timer.o
 .group         0x00000000        0x8 timer.o
 .group         0x00000000        0x8 timer.o
 .group         0x00000000        0x8 timer.o
 .group         0x00000000        0x8 timer.o
 .group         0x00000000        0x8 timer.o
 .group         0x00000000        0x8 timer.o
 .group         0x00000000        0x8 timer.o
 .group         0x00000000        0x8 timer.o
 .group         0x00000000        0x8 timer.o
 .group         0x00000000        0x8 timer.o
 .group         0x00000000        0x8 timer.o
 .group         0x00000000        0x8 timer.o
 .group         0x00000000        0x8 timer.o
 .group         0x00000000        0x8 timer.o
 .group         0x00000000        0x8 timer.o
 .group         0x00000000        0x8 timer.o
 .group         0x00000000        0x8 timer.o
 .group         0x00000000        0x8 timer.o
 .group         0x00000000        0x8 timer.o
 .group         0x00000000        0x8 timer.o
 .group         0x00000000        0x8 timer.o
 .group         0x00000000        0x8 timer.o
 .group         0x00000000        0x8 timer.o
 .group         0x00000000        0x8 timer.o
 .group         0x00000000        0x8 timer.o
 .group         0x00000000        0x8 timer.o
 .group         0x00000000        0x8 timer.o
 .group         0x00000000        0x8 timer.o
 .group         0x00000000        0x8 timer.o
 .group         0x00000000        0x8 timer.o
 .group         0x00000000        0x8 timer.o
 .group         0x00000000        0x8 timer.o
 .group         0x00000000        0x8 timer.o
 .group         0x00000000        0x8 timer.o
 .group         0x00000000        0x8 timer.o
 .group         0x00000000        0x8 timer.o
 .group         0x00000000        0x8 timer.o
 .group         0x00000000        0x8 timer.o
 .group         0x00000000        0x8 timer.o
 .group         0x00000000        0x8 timer.o
 .group         0x00000000        0x8 timer.o
 .group         0x00000000        0x8 timer.o
 .group         0x00000000        0x8 timer.o
 .group         0x00000000        0x8 timer.o
 .group         0x00000000        0x8 timer.o
 .group         0x00000000        0x8 timer.o
 .group         0x00000000        0x8 timer.o
 .group         0x00000000        0x8 timer.o
 .group         0x00000000        0x8 timer.o
 .group         0x00000000        0x8 timer.o
 .group         0x00000000        0x8 timer.o
 .group         0x00000000        0x8 timer.o
 .group         0x00000000        0x8 timer.o
 .group         0x00000000        0x8 timer.o
 .group         0x00000000        0x8 timer.o
 .group         0x00000000        0x8 timer.o
 .group         0x00000000        0x8 timer.o
 .text          0x00000000        0x0 timer.o
 .data          0x00000000        0x0 timer.o
 .bss           0x00000000        0x0 timer.o
 .text.timer_disable
                0x00000000       0x10 timer.o
 .debug_macro   0x00000000      0x8a4 timer.o
 .debug_macro   0x00000000       0x22 timer.o
 .debug_macro   0x00000000       0x87 timer.o
 .debug_macro   0x00000000       0x51 timer.o
 .debug_macro   0x00000000       0xef timer.o
 .debug_macro   0x00000000       0x6a timer.o
 .debug_macro   0x00000000      0x1df timer.o
 .debug_macro   0x00000000       0x39 timer.o
 .debug_macro   0x00000000       0x1c timer.o
 .debug_macro   0x00000000       0x22 timer.o
 .debug_macro   0x00000000       0xb5 timer.o
 .debug_macro   0x00000000      0x3ad timer.o
 .debug_macro   0x00000000      0x67e timer.o
 .debug_macro   0x00000000      0x8b1 timer.o
 .debug_macro   0x00000000      0x22e timer.o
 .debug_macro   0x00000000      0xd5c timer.o
 .debug_macro   0x00000000      0x4dc timer.o
 .debug_macro   0x00000000      0x9f6 timer.o
 .debug_macro   0x00000000      0x82b timer.o
 .debug_macro   0x00000000      0x45f timer.o
 .debug_macro   0x00000000       0x5e timer.o
 .debug_macro   0x00000000      0x8f9 timer.o
 .debug_macro   0x00000000      0x21c timer.o
 .debug_macro   0x00000000      0x735 timer.o
 .debug_macro   0x00000000       0x5e timer.o
 .debug_macro   0x00000000      0x632 timer.o
 .debug_macro   0x00000000      0x3ac timer.o
 .debug_macro   0x00000000      0xc76 timer.o
 .debug_macro   0x00000000     0x1092 timer.o
 .debug_macro   0x00000000      0xc4a timer.o
 .debug_macro   0x00000000      0x6ba timer.o
 .debug_macro   0x00000000     0x1b3d timer.o
 .debug_macro   0x00000000     0x143c timer.o
 .debug_macro   0x00000000      0x340 timer.o
 .debug_macro   0x00000000       0x7c timer.o
 .debug_macro   0x00000000       0xa0 timer.o
 .debug_macro   0x00000000       0x4c timer.o
 .debug_macro   0x00000000       0xca timer.o
 .debug_macro   0x00000000       0x94 timer.o
 .debug_macro   0x00000000       0x58 timer.o
 .debug_macro   0x00000000      0x341 timer.o
 .debug_macro   0x00000000       0x82 timer.o
 .debug_macro   0x00000000      0x189 timer.o
 .debug_macro   0x00000000       0xb8 timer.o
 .debug_macro   0x00000000       0xa0 timer.o
 .debug_macro   0x00000000       0xb2 timer.o
 .debug_macro   0x00000000       0x1c timer.o
 .debug_macro   0x00000000       0x1c timer.o
 .debug_macro   0x00000000       0x1c timer.o
 .debug_macro   0x00000000       0x7c timer.o
 .debug_macro   0x00000000      0x15a timer.o
 .debug_macro   0x00000000       0x10 timer.o
 .debug_macro   0x00000000       0xdc timer.o
 .debug_macro   0x00000000      0x124 timer.o
 .debug_macro   0x00000000      0x124 timer.o
 .debug_macro   0x00000000      0x124 timer.o
 .debug_macro   0x00000000      0x124 timer.o
 .debug_macro   0x00000000      0x124 timer.o
 .debug_macro   0x00000000      0x124 timer.o
 .debug_macro   0x00000000      0x124 timer.o
 .debug_macro   0x00000000       0xe2 timer.o
 .debug_macro   0x00000000       0xe2 timer.o
 .debug_macro   0x00000000       0xe2 timer.o
 .debug_macro   0x00000000      0x12a timer.o
 .debug_macro   0x00000000      0x100 timer.o
 .debug_macro   0x00000000       0xf4 timer.o
 .debug_macro   0x00000000      0x40f timer.o
 .debug_macro   0x00000000       0x40 timer.o
 .debug_macro   0x00000000      0x376 timer.o
 .debug_macro   0x00000000     0x17df timer.o
 .debug_macro   0x00000000       0x6d timer.o
 .text          0x00000000        0x0 c:/program files (x86)/atmel/studio/7.0/toolchain/arm/arm-gnu-toolchain/bin/../lib/gcc/arm-none-eabi/6.3.1/../../../../arm-none-eabi/lib/thumb/v6-m\libc.a(lib_a-exit.o)
 .data          0x00000000        0x0 c:/program files (x86)/atmel/studio/7.0/toolchain/arm/arm-gnu-toolchain/bin/../lib/gcc/arm-none-eabi/6.3.1/../../../../arm-none-eabi/lib/thumb/v6-m\libc.a(lib_a-exit.o)
 .bss           0x00000000        0x0 c:/program files (x86)/atmel/studio/7.0/toolchain/arm/arm-gnu-toolchain/bin/../lib/gcc/arm-none-eabi/6.3.1/../../../../arm-none-eabi/lib/thumb/v6-m\libc.a(lib_a-exit.o)
 .text.exit     0x00000000       0x20 c:/program files (x86)/atmel/studio/7.0/toolchain/arm/arm-gnu-toolchain/bin/../lib/gcc/arm-none-eabi/6.3.1/../../../../arm-none-eabi/lib/thumb/v6-m\libc.a(lib_a-exit.o)
 .debug_frame   0x00000000       0x28 c:/program files (x86)/atmel/studio/7.0/toolchain/arm/arm-gnu-toolchain/bin/../lib/gcc/arm-none-eabi/6.3.1/../../../../arm-none-eabi/lib/thumb/v6-m\libc.a(lib_a-exit.o)
 .ARM.attributes
                0x00000000       0x2c c:/program files (x86)/atmel/studio/7.0/toolchain/arm/arm-gnu-toolchain/bin/../lib/gcc/arm-none-eabi/6.3.1/../../../../arm-none-eabi/lib/thumb/v6-m\libc.a(lib_a-exit.o)
 .text          0x00000000        0x0 c:/program files (x86)/atmel/studio/7.0/toolchain/arm/arm-gnu-toolchain/bin/../lib/gcc/arm-none-eabi/6.3.1/../../../../arm-none-eabi/lib/thumb/v6-m\libc.a(lib_a-impure.o)
 .data          0x00000000        0x0 c:/program files (x86)/atmel/studio/7.0/toolchain/arm/arm-gnu-toolchain/bin/../lib/gcc/arm-none-eabi/6.3.1/../../../../arm-none-eabi/lib/thumb/v6-m\libc.a(lib_a-impure.o)
 .bss           0x00000000        0x0 c:/program files (x86)/atmel/studio/7.0/toolchain/arm/arm-gnu-toolchain/bin/../lib/gcc/arm-none-eabi/6.3.1/../../../../arm-none-eabi/lib/thumb/v6-m\libc.a(lib_a-impure.o)
 .data._impure_ptr
                0x00000000        0x4 c:/program files (x86)/atmel/studio/7.0/toolchain/arm/arm-gnu-toolchain/bin/../lib/gcc/arm-none-eabi/6.3.1/../../../../arm-none-eabi/lib/thumb/v6-m\libc.a(lib_a-impure.o)
 .text          0x00000000        0x0 c:/program files (x86)/atmel/studio/7.0/toolchain/arm/arm-gnu-toolchain/bin/../lib/gcc/arm-none-eabi/6.3.1/../../../../arm-none-eabi/lib/thumb/v6-m\libc.a(lib_a-init.o)
 .data          0x00000000        0x0 c:/program files (x86)/atmel/studio/7.0/toolchain/arm/arm-gnu-toolchain/bin/../lib/gcc/arm-none-eabi/6.3.1/../../../../arm-none-eabi/lib/thumb/v6-m\libc.a(lib_a-init.o)
 .bss           0x00000000        0x0 c:/program files (x86)/atmel/studio/7.0/toolchain/arm/arm-gnu-toolchain/bin/../lib/gcc/arm-none-eabi/6.3.1/../../../../arm-none-eabi/lib/thumb/v6-m\libc.a(lib_a-init.o)
 .text          0x00000000        0x0 c:/program files (x86)/atmel/studio/7.0/toolchain/arm/arm-gnu-toolchain/bin/../lib/gcc/arm-none-eabi/6.3.1/../../../../arm-none-eabi/lib/thumb/v6-m\libc.a(lib_a-memset.o)
 .data          0x00000000        0x0 c:/program files (x86)/atmel/studio/7.0/toolchain/arm/arm-gnu-toolchain/bin/../lib/gcc/arm-none-eabi/6.3.1/../../../../arm-none-eabi/lib/thumb/v6-m\libc.a(lib_a-memset.o)
 .bss           0x00000000        0x0 c:/program files (x86)/atmel/studio/7.0/toolchain/arm/arm-gnu-toolchain/bin/../lib/gcc/arm-none-eabi/6.3.1/../../../../arm-none-eabi/lib/thumb/v6-m\libc.a(lib_a-memset.o)
 .text.memset   0x00000000       0x94 c:/program files (x86)/atmel/studio/7.0/toolchain/arm/arm-gnu-toolchain/bin/../lib/gcc/arm-none-eabi/6.3.1/../../../../arm-none-eabi/lib/thumb/v6-m\libc.a(lib_a-memset.o)
 .debug_frame   0x00000000       0x30 c:/program files (x86)/atmel/studio/7.0/toolchain/arm/arm-gnu-toolchain/bin/../lib/gcc/arm-none-eabi/6.3.1/../../../../arm-none-eabi/lib/thumb/v6-m\libc.a(lib_a-memset.o)
 .ARM.attributes
                0x00000000       0x2c c:/program files (x86)/atmel/studio/7.0/toolchain/arm/arm-gnu-toolchain/bin/../lib/gcc/arm-none-eabi/6.3.1/../../../../arm-none-eabi/lib/thumb/v6-m\libc.a(lib_a-memset.o)
 .text          0x00000000        0x0 c:/program files (x86)/atmel/studio/7.0/toolchain/arm/arm-gnu-toolchain/bin/../lib/gcc/arm-none-eabi/6.3.1/../../../../arm-none-eabi/lib/thumb/v6-m\libc.a(lib_a-__call_atexit.o)
 .data          0x00000000        0x0 c:/program files (x86)/atmel/studio/7.0/toolchain/arm/arm-gnu-toolchain/bin/../lib/gcc/arm-none-eabi/6.3.1/../../../../arm-none-eabi/lib/thumb/v6-m\libc.a(lib_a-__call_atexit.o)
 .bss           0x00000000        0x0 c:/program files (x86)/atmel/studio/7.0/toolchain/arm/arm-gnu-toolchain/bin/../lib/gcc/arm-none-eabi/6.3.1/../../../../arm-none-eabi/lib/thumb/v6-m\libc.a(lib_a-__call_atexit.o)
 .text.__call_exitprocs
                0x00000000      0x110 c:/program files (x86)/atmel/studio/7.0/toolchain/arm/arm-gnu-toolchain/bin/../lib/gcc/arm-none-eabi/6.3.1/../../../../arm-none-eabi/lib/thumb/v6-m\libc.a(lib_a-__call_atexit.o)
 .text          0x00000000        0x0 c:/program files (x86)/atmel/studio/7.0/toolchain/arm/arm-gnu-toolchain/bin/../lib/gcc/arm-none-eabi/6.3.1/../../../../arm-none-eabi/lib/thumb/v6-m\libc.a(lib_a-atexit.o)
 .data          0x00000000        0x0 c:/program files (x86)/atmel/studio/7.0/toolchain/arm/arm-gnu-toolchain/bin/../lib/gcc/arm-none-eabi/6.3.1/../../../../arm-none-eabi/lib/thumb/v6-m\libc.a(lib_a-atexit.o)
 .bss           0x00000000        0x0 c:/program files (x86)/atmel/studio/7.0/toolchain/arm/arm-gnu-toolchain/bin/../lib/gcc/arm-none-eabi/6.3.1/../../../../arm-none-eabi/lib/thumb/v6-m\libc.a(lib_a-atexit.o)
 .text          0x00000000        0x0 c:/program files (x86)/atmel/studio/7.0/toolchain/arm/arm-gnu-toolchain/bin/../lib/gcc/arm-none-eabi/6.3.1/../../../../arm-none-eabi/lib/thumb/v6-m\libc.a(lib_a-fini.o)
 .data          0x00000000        0x0 c:/program files (x86)/atmel/studio/7.0/toolchain/arm/arm-gnu-toolchain/bin/../lib/gcc/arm-none-eabi/6.3.1/../../../../arm-none-eabi/lib/thumb/v6-m\libc.a(lib_a-fini.o)
 .bss           0x00000000        0x0 c:/program files (x86)/atmel/studio/7.0/toolchain/arm/arm-gnu-toolchain/bin/../lib/gcc/arm-none-eabi/6.3.1/../../../../arm-none-eabi/lib/thumb/v6-m\libc.a(lib_a-fini.o)
 .text          0x00000000        0x0 c:/program files (x86)/atmel/studio/7.0/toolchain/arm/arm-gnu-toolchain/bin/../lib/gcc/arm-none-eabi/6.3.1/../../../../arm-none-eabi/lib/thumb/v6-m\libc.a(lib_a-lock.o)
 .data          0x00000000        0x0 c:/program files (x86)/atmel/studio/7.0/toolchain/arm/arm-gnu-toolchain/bin/../lib/gcc/arm-none-eabi/6.3.1/../../../../arm-none-eabi/lib/thumb/v6-m\libc.a(lib_a-lock.o)
 .bss           0x00000000        0x0 c:/program files (x86)/atmel/studio/7.0/toolchain/arm/arm-gnu-toolchain/bin/../lib/gcc/arm-none-eabi/6.3.1/../../../../arm-none-eabi/lib/thumb/v6-m\libc.a(lib_a-lock.o)
 .text.__retarget_lock_init
                0x00000000        0x4 c:/program files (x86)/atmel/studio/7.0/toolchain/arm/arm-gnu-toolchain/bin/../lib/gcc/arm-none-eabi/6.3.1/../../../../arm-none-eabi/lib/thumb/v6-m\libc.a(lib_a-lock.o)
 .text.__retarget_lock_init_recursive
                0x00000000        0x4 c:/program files (x86)/atmel/studio/7.0/toolchain/arm/arm-gnu-toolchain/bin/../lib/gcc/arm-none-eabi/6.3.1/../../../../arm-none-eabi/lib/thumb/v6-m\libc.a(lib_a-lock.o)
 .text.__retarget_lock_close
                0x00000000        0x4 c:/program files (x86)/atmel/studio/7.0/toolchain/arm/arm-gnu-toolchain/bin/../lib/gcc/arm-none-eabi/6.3.1/../../../../arm-none-eabi/lib/thumb/v6-m\libc.a(lib_a-lock.o)
 .text.__retarget_lock_close_recursive
                0x00000000        0x4 c:/program files (x86)/atmel/studio/7.0/toolchain/arm/arm-gnu-toolchain/bin/../lib/gcc/arm-none-eabi/6.3.1/../../../../arm-none-eabi/lib/thumb/v6-m\libc.a(lib_a-lock.o)
 .text.__retarget_lock_acquire
                0x00000000        0x4 c:/program files (x86)/atmel/studio/7.0/toolchain/arm/arm-gnu-toolchain/bin/../lib/gcc/arm-none-eabi/6.3.1/../../../../arm-none-eabi/lib/thumb/v6-m\libc.a(lib_a-lock.o)
 .text.__retarget_lock_try_acquire
                0x00000000        0x4 c:/program files (x86)/atmel/studio/7.0/toolchain/arm/arm-gnu-toolchain/bin/../lib/gcc/arm-none-eabi/6.3.1/../../../../arm-none-eabi/lib/thumb/v6-m\libc.a(lib_a-lock.o)
 .text.__retarget_lock_try_acquire_recursive
                0x00000000        0x4 c:/program files (x86)/atmel/studio/7.0/toolchain/arm/arm-gnu-toolchain/bin/../lib/gcc/arm-none-eabi/6.3.1/../../../../arm-none-eabi/lib/thumb/v6-m\libc.a(lib_a-lock.o)
 .text.__retarget_lock_release
                0x00000000        0x4 c:/program files (x86)/atmel/studio/7.0/toolchain/arm/arm-gnu-toolchain/bin/../lib/gcc/arm-none-eabi/6.3.1/../../../../arm-none-eabi/lib/thumb/v6-m\libc.a(lib_a-lock.o)
 .text          0x00000000        0x0 c:/program files (x86)/atmel/studio/7.0/toolchain/arm/arm-gnu-toolchain/bin/../lib/gcc/arm-none-eabi/6.3.1/../../../../arm-none-eabi/lib/thumb/v6-m\libc.a(lib_a-__atexit.o)
 .data          0x00000000        0x0 c:/program files (x86)/atmel/studio/7.0/toolchain/arm/arm-gnu-toolchain/bin/../lib/gcc/arm-none-eabi/6.3.1/../../../../arm-none-eabi/lib/thumb/v6-m\libc.a(lib_a-__atexit.o)
 .bss           0x00000000        0x0 c:/program files (x86)/atmel/studio/7.0/toolchain/arm/arm-gnu-toolchain/bin/../lib/gcc/arm-none-eabi/6.3.1/../../../../arm-none-eabi/lib/thumb/v6-m\libc.a(lib_a-__atexit.o)
 .text          0x00000000        0x0 c:/program files (x86)/atmel/studio/7.0/toolchain/arm/arm-gnu-toolchain/bin/../lib/gcc/arm-none-eabi/6.3.1/thumb/v6-m/crtend.o
 .data          0x00000000        0x0 c:/program files (x86)/atmel/studio/7.0/toolchain/arm/arm-gnu-toolchain/bin/../lib/gcc/arm-none-eabi/6.3.1/thumb/v6-m/crtend.o
 .bss           0x00000000        0x0 c:/program files (x86)/atmel/studio/7.0/toolchain/arm/arm-gnu-toolchain/bin/../lib/gcc/arm-none-eabi/6.3.1/thumb/v6-m/crtend.o
 .eh_frame      0x00000000        0x4 c:/program files (x86)/atmel/studio/7.0/toolchain/arm/arm-gnu-toolchain/bin/../lib/gcc/arm-none-eabi/6.3.1/thumb/v6-m/crtend.o
 .jcr           0x00000000        0x4 c:/program files (x86)/atmel/studio/7.0/toolchain/arm/arm-gnu-toolchain/bin/../lib/gcc/arm-none-eabi/6.3.1/thumb/v6-m/crtend.o
 .ARM.attributes
                0x00000000       0x2c c:/program files (x86)/atmel/studio/7.0/toolchain/arm/arm-gnu-toolchain/bin/../lib/gcc/arm-none-eabi/6.3.1/thumb/v6-m/crtend.o
 .text          0x00000000        0x0 c:/program files (x86)/atmel/studio/7.0/toolchain/arm/arm-gnu-toolchain/bin/../lib/gcc/arm-none-eabi/6.3.1/thumb/v6-m/crtn.o
 .data          0x00000000        0x0 c:/program files (x86)/atmel/studio/7.0/toolchain/arm/arm-gnu-toolchain/bin/../lib/gcc/arm-none-eabi/6.3.1/thumb/v6-m/crtn.o
 .bss           0x00000000        0x0 c:/program files (x86)/atmel/studio/7.0/toolchain/arm/arm-gnu-toolchain/bin/../lib/gcc/arm-none-eabi/6.3.1/thumb/v6-m/crtn.o

Memory Configuration

Name             Origin             Length             Attributes
rom              0x00000000         0x00040000         xr
ram              0x20000000         0x00008000         xrw
*default*        0x00000000         0xffffffff

Linker script and memory map

LOAD c:/program files (x86)/atmel/studio/7.0/toolchain/arm/arm-gnu-toolchain/bin/../lib/gcc/arm-none-eabi/6.3.1/thumb/v6-m/crti.o
LOAD c:/program files (x86)/atmel/studio/7.0/toolchain/arm/arm-gnu-toolchain/bin/../lib/gcc/arm-none-eabi/6.3.1/thumb/v6-m/crtbegin.o
LOAD c:/program files (x86)/atmel/studio/7.0/toolchain/arm/arm-gnu-toolchain/bin/../lib/gcc/arm-none-eabi/6.3.1/../../../../arm-none-eabi/lib/thumb/v6-m/crt0.o
LOAD counter.o
LOAD Device_Startup/startup_samd21.o
LOAD Device_Startup/system_samd21.o
LOAD event.o
LOAD main.o
LOAD timer.o
START GROUP
LOAD c:/program files (x86)/atmel/studio/7.0/toolchain/arm/arm-gnu-toolchain/bin/../lib/gcc/arm-none-eabi/6.3.1/../../../../arm-none-eabi/lib/thumb/v6-m\libm.a
END GROUP
START GROUP
LOAD c:/program files (x86)/atmel/studio/7.0/toolchain/arm/arm-gnu-toolchain/bin/../lib/gcc/arm-none-eabi/6.3.1/thumb/v6-m\libgcc.a
LOAD c:/program files (x86)/atmel/studio/7.0/toolchain/arm/arm-gnu-toolchain/bin/../lib/gcc/arm-none-eabi/6.3.1/../../../../arm-none-eabi/lib/thumb/v6-m\libc.a
END GROUP
LOAD c:/program files (x86)/atmel/studio/7.0/toolchain/arm/arm-gnu-toolchain/bin/../lib/gcc/arm-none-eabi/6.3.1/thumb/v6-m/crtend.o
LOAD c:/program files (x86)/atmel/studio/7.0/toolchain/arm/arm-gnu-toolchain/bin/../lib/gcc/arm-none-eabi/6.3.1/thumb/v6-m/crtn.o
                0x00002000                STACK_SIZE = DEFINED (STACK_SIZE)?STACK_SIZE:DEFINED (__stack_size__)?__stack_size__:0x2000

.text           0x00000000      0x870
                0x00000000                . = ALIGN (0x4)
                0x00000000                _sfixed = .
 *(.vectors .vectors.*)
 .vectors       0x00000000       0xb4 Device_Startup/startup_samd21.o
                0x00000000                exception_table
 *(.text .text.* .gnu.linkonce.t.*)
 .text          0x000000b4       0x60 c:/program files (x86)/atmel/studio/7.0/toolchain/arm/arm-gnu-toolchain/bin/../lib/gcc/arm-none-eabi/6.3.1/thumb/v6-m/crtbegin.o
 .text.counter_set
                0x00000114       0x14 counter.o
                0x00000114                counter_set
 .text.counter_enable
                0x00000128       0x18 counter.o
                0x00000128                counter_enable
 .text.counter_disable
                0x00000140       0x18 counter.o
                0x00000140                counter_disable
 .text.counter_init
                0x00000158       0x8c counter.o
                0x00000158                counter_init
 .text.TC3_Handler
                0x000001e4       0x34 counter.o
                0x000001e4                TC3_Handler
 .text.Dummy_Handler
                0x00000218        0x2 Device_Startup/startup_samd21.o
                0x00000218                SVCall_Handler
                0x00000218                DMAC_Handler
                0x00000218                HardFault_Handler
                0x00000218                AC_Handler
                0x00000218                PendSV_Handler
                0x00000218                SERCOM1_Handler
                0x00000218                ADC_Handler
                0x00000218                NonMaskableInt_Handler
                0x00000218                TCC1_Handler
                0x00000218                SERCOM2_Handler
                0x00000218                TCC0_Handler
                0x00000218                RTC_Handler
                0x00000218                EIC_Handler
                0x00000218                WDT_Handler
                0x00000218                TC4_Handler
                0x00000218                USB_Handler
                0x00000218                Dummy_Handler
                0x00000218                PM_Handler
                0x00000218                SERCOM5_Handler
                0x00000218                TCC2_Handler
                0x00000218                EVSYS_Handler
                0x00000218                SERCOM3_Handler
                0x00000218                SERCOM4_Handler
                0x00000218                I2S_Handler
                0x00000218                NVMCTRL_Handler
                0x00000218                SERCOM0_Handler
                0x00000218                DAC_Handler
                0x00000218                PTC_Handler
                0x00000218                TC5_Handler
                0x00000218                SYSCTRL_Handler
 *fill*         0x0000021a        0x2 
 .text.Reset_Handler
                0x0000021c       0xe4 Device_Startup/startup_samd21.o
                0x0000021c                Reset_Handler
 .text.SystemInit
                0x00000300      0x1a0 Device_Startup/system_samd21.o
                0x00000300                SystemInit
 .text.event_init
                0x000004a0       0x44 event.o
                0x000004a0                event_init
 .text.main     0x000004e4       0xd0 main.o
                0x000004e4                main
 .text.SysTick_Handler
                0x000005b4       0x10 main.o
                0x000005b4                SysTick_Handler
 .text.timer_set_period
                0x000005c4       0x40 timer.o
                0x000005c4                timer_set_period
 .text.timer_init
                0x00000604       0x94 timer.o
                0x00000604                timer_init
 .text.timer_enable
                0x00000698       0x10 timer.o
                0x00000698                timer_enable
 .text.__libc_init_array
                0x000006a8       0x48 c:/program files (x86)/atmel/studio/7.0/toolchain/arm/arm-gnu-toolchain/bin/../lib/gcc/arm-none-eabi/6.3.1/../../../../arm-none-eabi/lib/thumb/v6-m\libc.a(lib_a-init.o)
                0x000006a8                __libc_init_array
 .text.startup.register_fini
                0x000006f0       0x18 c:/program files (x86)/atmel/studio/7.0/toolchain/arm/arm-gnu-toolchain/bin/../lib/gcc/arm-none-eabi/6.3.1/../../../../arm-none-eabi/lib/thumb/v6-m\libc.a(lib_a-__call_atexit.o)
 .text.atexit   0x00000708       0x10 c:/program files (x86)/atmel/studio/7.0/toolchain/arm/arm-gnu-toolchain/bin/../lib/gcc/arm-none-eabi/6.3.1/../../../../arm-none-eabi/lib/thumb/v6-m\libc.a(lib_a-atexit.o)
                0x00000708                atexit
 .text.__libc_fini_array
                0x00000718       0x34 c:/program files (x86)/atmel/studio/7.0/toolchain/arm/arm-gnu-toolchain/bin/../lib/gcc/arm-none-eabi/6.3.1/../../../../arm-none-eabi/lib/thumb/v6-m\libc.a(lib_a-fini.o)
                0x00000718                __libc_fini_array
 .text.__retarget_lock_acquire_recursive
                0x0000074c        0x4 c:/program files (x86)/atmel/studio/7.0/toolchain/arm/arm-gnu-toolchain/bin/../lib/gcc/arm-none-eabi/6.3.1/../../../../arm-none-eabi/lib/thumb/v6-m\libc.a(lib_a-lock.o)
                0x0000074c                __retarget_lock_acquire_recursive
 .text.__retarget_lock_release_recursive
                0x00000750        0x4 c:/program files (x86)/atmel/studio/7.0/toolchain/arm/arm-gnu-toolchain/bin/../lib/gcc/arm-none-eabi/6.3.1/../../../../arm-none-eabi/lib/thumb/v6-m\libc.a(lib_a-lock.o)
                0x00000750                __retarget_lock_release_recursive
 .text.__register_exitproc
                0x00000754       0xf4 c:/program files (x86)/atmel/studio/7.0/toolchain/arm/arm-gnu-toolchain/bin/../lib/gcc/arm-none-eabi/6.3.1/../../../../arm-none-eabi/lib/thumb/v6-m\libc.a(lib_a-__atexit.o)
                0x00000754                __register_exitproc
 *(.glue_7t)
 .glue_7t       0x00000848        0x0 linker stubs
 *(.glue_7)
 .glue_7        0x00000848        0x0 linker stubs
 *(.rodata .rodata* .gnu.linkonce.r.*)
 .rodata._global_impure_ptr
                0x00000848        0x4 c:/program files (x86)/atmel/studio/7.0/toolchain/arm/arm-gnu-toolchain/bin/../lib/gcc/arm-none-eabi/6.3.1/../../../../arm-none-eabi/lib/thumb/v6-m\libc.a(lib_a-impure.o)
                0x00000848                _global_impure_ptr
 *(.ARM.extab* .gnu.linkonce.armextab.*)
                0x0000084c                . = ALIGN (0x4)
 *(.init)
 .init          0x0000084c        0x4 c:/program files (x86)/atmel/studio/7.0/toolchain/arm/arm-gnu-toolchain/bin/../lib/gcc/arm-none-eabi/6.3.1/thumb/v6-m/crti.o
                0x0000084c                _init
 .init          0x00000850        0x8 c:/program files (x86)/atmel/studio/7.0/toolchain/arm/arm-gnu-toolchain/bin/../lib/gcc/arm-none-eabi/6.3.1/thumb/v6-m/crtn.o
                0x00000858                . = ALIGN (0x4)
                0x00000858                __preinit_array_start = .
 *(.preinit_array)
                0x00000858                __preinit_array_end = .
                0x00000858                . = ALIGN (0x4)
                0x00000858                __init_array_start = .
 *(SORT(.init_array.*))
 .init_array.00000
                0x00000858        0x4 c:/program files (x86)/atmel/studio/7.0/toolchain/arm/arm-gnu-toolchain/bin/../lib/gcc/arm-none-eabi/6.3.1/../../../../arm-none-eabi/lib/thumb/v6-m\libc.a(lib_a-__call_atexit.o)
 *(.init_array)
 .init_array    0x0000085c        0x4 c:/program files (x86)/atmel/studio/7.0/toolchain/arm/arm-gnu-toolchain/bin/../lib/gcc/arm-none-eabi/6.3.1/thumb/v6-m/crtbegin.o
                0x00000860                __init_array_end = .
                0x00000860                . = ALIGN (0x4)
 *crtbegin.o(.ctors)
 *(EXCLUDE_FILE(*crtend.o) .ctors)
 *(SORT(.ctors.*))
 *crtend.o(.ctors)
                0x00000860                . = ALIGN (0x4)
 *(.fini)
 .fini          0x00000860        0x4 c:/program files (x86)/atmel/studio/7.0/toolchain/arm/arm-gnu-toolchain/bin/../lib/gcc/arm-none-eabi/6.3.1/thumb/v6-m/crti.o
                0x00000860                _fini
 .fini          0x00000864        0x8 c:/program files (x86)/atmel/studio/7.0/toolchain/arm/arm-gnu-toolchain/bin/../lib/gcc/arm-none-eabi/6.3.1/thumb/v6-m/crtn.o
                0x0000086c                . = ALIGN (0x4)
                0x0000086c                __fini_array_start = .
 *(.fini_array)
 .fini_array    0x0000086c        0x4 c:/program files (x86)/atmel/studio/7.0/toolchain/arm/arm-gnu-toolchain/bin/../lib/gcc/arm-none-eabi/6.3.1/thumb/v6-m/crtbegin.o
 *(SORT(.fini_array.*))
                0x00000870                __fini_array_end = .
 *crtbegin.o(.dtors)
 *(EXCLUDE_FILE(*crtend.o) .dtors)
 *(SORT(.dtors.*))
 *crtend.o(.dtors)
                0x00000870                . = ALIGN (0x4)
                0x00000870                _efixed = .
                [!provide]                PROVIDE (__exidx_start, .)

.vfp11_veneer   0x00000870        0x0
 .vfp11_veneer  0x00000870        0x0 linker stubs

.v4_bx          0x00000870        0x0
 .v4_bx         0x00000870        0x0 linker stubs

.iplt           0x00000870        0x0
 .iplt          0x00000870        0x0 c:/program files (x86)/atmel/studio/7.0/toolchain/arm/arm-gnu-toolchain/bin/../lib/gcc/arm-none-eabi/6.3.1/thumb/v6-m/crtbegin.o

.eh_frame       0x00000870        0x0
 .eh_frame      0x00000870        0x0 c:/program files (x86)/atmel/studio/7.0/toolchain/arm/arm-gnu-toolchain/bin/../lib/gcc/arm-none-eabi/6.3.1/thumb/v6-m/crtbegin.o

.rel.dyn        0x00000870        0x0
 .rel.iplt      0x00000870        0x0 c:/program files (x86)/atmel/studio/7.0/toolchain/arm/arm-gnu-toolchain/bin/../lib/gcc/arm-none-eabi/6.3.1/thumb/v6-m/crtbegin.o

.jcr            0x00000870        0x0
 .jcr           0x00000870        0x0 c:/program files (x86)/atmel/studio/7.0/toolchain/arm/arm-gnu-toolchain/bin/../lib/gcc/arm-none-eabi/6.3.1/thumb/v6-m/crtbegin.o

.igot.plt       0x00000870        0x0
 .igot.plt      0x00000870        0x0 c:/program files (x86)/atmel/studio/7.0/toolchain/arm/arm-gnu-toolchain/bin/../lib/gcc/arm-none-eabi/6.3.1/thumb/v6-m/crtbegin.o

.ARM.exidx
 *(.ARM.exidx* .gnu.linkonce.armexidx.*)
                [!provide]                PROVIDE (__exidx_end, .)
                0x00000870                . = ALIGN (0x4)
                0x00000870                _etext = .

.relocate       0x20000000      0x434 load address 0x00000870
                0x20000000                . = ALIGN (0x4)
                0x20000000                _srelocate = .
 *(.ramfunc .ramfunc.*)
 *(.data .data.*)
 .data          0x20000000        0x4 Device_Startup/system_samd21.o
                0x20000000                SystemCoreClock
 .data          0x20000004        0x1 main.o
                0x20000004                data_sent
 *fill*         0x20000005        0x3 
 .data.impure_data
                0x20000008      0x428 c:/program files (x86)/atmel/studio/7.0/toolchain/arm/arm-gnu-toolchain/bin/../lib/gcc/arm-none-eabi/6.3.1/../../../../arm-none-eabi/lib/thumb/v6-m\libc.a(lib_a-impure.o)
 .data.__atexit_recursive_mutex
                0x20000430        0x4 c:/program files (x86)/atmel/studio/7.0/toolchain/arm/arm-gnu-toolchain/bin/../lib/gcc/arm-none-eabi/6.3.1/../../../../arm-none-eabi/lib/thumb/v6-m\libc.a(lib_a-__call_atexit.o)
                0x20000430                __atexit_recursive_mutex
                0x20000434                . = ALIGN (0x4)
                0x20000434                _erelocate = .

.bss            0x20000434       0x44 load address 0x00000ca4
                0x20000434                . = ALIGN (0x4)
                0x20000434                _sbss = .
                0x20000434                _szero = .
 *(.bss .bss.*)
 .bss           0x20000434       0x1c c:/program files (x86)/atmel/studio/7.0/toolchain/arm/arm-gnu-toolchain/bin/../lib/gcc/arm-none-eabi/6.3.1/thumb/v6-m/crtbegin.o
 .bss           0x20000450        0x4 main.o
 *(COMMON)
 COMMON         0x20000454       0x21 c:/program files (x86)/atmel/studio/7.0/toolchain/arm/arm-gnu-toolchain/bin/../lib/gcc/arm-none-eabi/6.3.1/../../../../arm-none-eabi/lib/thumb/v6-m\libc.a(lib_a-lock.o)
                0x20000454                __lock___atexit_recursive_mutex
                0x20000458                __lock___arc4random_mutex
                0x2000045c                __lock___env_recursive_mutex
                0x20000460                __lock___sinit_recursive_mutex
                0x20000464                __lock___malloc_recursive_mutex
                0x20000468                __lock___at_quick_exit_mutex
                0x2000046c                __lock___dd_hash_mutex
                0x20000470                __lock___tz_mutex
                0x20000474                __lock___sfp_recursive_mutex
                0x20000478                . = ALIGN (0x4)
 *fill*         0x20000475        0x3 
                0x20000478                _ebss = .
                0x20000478                _ezero = .

.stack          0x20000478     0x2000 load address 0x00000ce8
                0x20000478                . = ALIGN (0x8)
                0x20000478                _sstack = .
                0x20002478                . = (. + STACK_SIZE)
 *fill*         0x20000478     0x2000 
                0x20002478                . = ALIGN (0x8)
                0x20002478                _estack = .
                0x20002478                . = ALIGN (0x4)
                0x20002478                _end = .
OUTPUT(Event_Example.elf elf32-littlearm)

.ARM.attributes
                0x00000000       0x28
 .ARM.attributes
                0x00000000       0x1e c:/program files (x86)/atmel/studio/7.0/toolchain/arm/arm-gnu-toolchain/bin/../lib/gcc/arm-none-eabi/6.3.1/thumb/v6-m/crti.o
 .ARM.attributes
                0x0000001e       0x2c c:/program files (x86)/atmel/studio/7.0/toolchain/arm/arm-gnu-toolchain/bin/../lib/gcc/arm-none-eabi/6.3.1/thumb/v6-m/crtbegin.o
 .ARM.attributes
                0x0000004a       0x32 counter.o
 .ARM.attributes
                0x0000007c       0x32 Device_Startup/startup_samd21.o
 .ARM.attributes
                0x000000ae       0x32 Device_Startup/system_samd21.o
 .ARM.attributes
                0x000000e0       0x32 event.o
 .ARM.attributes
                0x00000112       0x32 main.o
 .ARM.attributes
                0x00000144       0x32 timer.o
 .ARM.attributes
                0x00000176       0x2c c:/program files (x86)/atmel/studio/7.0/toolchain/arm/arm-gnu-toolchain/bin/../lib/gcc/arm-none-eabi/6.3.1/../../../../arm-none-eabi/lib/thumb/v6-m\libc.a(lib_a-impure.o)
 .ARM.attributes
                0x000001a2       0x2c c:/program files (x86)/atmel/studio/7.0/toolchain/arm/arm-gnu-toolchain/bin/../lib/gcc/arm-none-eabi/6.3.1/../../../../arm-none-eabi/lib/thumb/v6-m\libc.a(lib_a-init.o)
 .ARM.attributes
                0x000001ce       0x2c c:/program files (x86)/atmel/studio/7.0/toolchain/arm/arm-gnu-toolchain/bin/../lib/gcc/arm-none-eabi/6.3.1/../../../../arm-none-eabi/lib/thumb/v6-m\libc.a(lib_a-__call_atexit.o)
 .ARM.attributes
                0x000001fa       0x2c c:/program files (x86)/atmel/studio/7.0/toolchain/arm/arm-gnu-toolchain/bin/../lib/gcc/arm-none-eabi/6.3.1/../../../../arm-none-eabi/lib/thumb/v6-m\libc.a(lib_a-atexit.o)
 .ARM.attributes
                0x00000226       0x2c c:/program files (x86)/atmel/studio/7.0/toolchain/arm/arm-gnu-toolchain/bin/../lib/gcc/arm-none-eabi/6.3.1/../../../../arm-none-eabi/lib/thumb/v6-m\libc.a(lib_a-fini.o)
 .ARM.attributes
                0x00000252       0x2c c:/program files (x86)/atmel/studio/7.0/toolchain/arm/arm-gnu-toolchain/bin/../lib/gcc/arm-none-eabi/6.3.1/../../../../arm-none-eabi/lib/thumb/v6-m\libc.a(lib_a-lock.o)
 .ARM.attributes
                0x0000027e       0x2c c:/program files (x86)/atmel/studio/7.0/toolchain/arm/arm-gnu-toolchain/bin/../lib/gcc/arm-none-eabi/6.3.1/../../../../arm-none-eabi/lib/thumb/v6-m\libc.a(lib_a-__atexit.o)
 .ARM.attributes
                0x000002aa       0x1e c:/program files (x86)/atmel/studio/7.0/toolchain/arm/arm-gnu-toolchain/bin/../lib/gcc/arm-none-eabi/6.3.1/thumb/v6-m/crtn.o

.comment        0x00000000       0x59
 .comment       0x00000000       0x59 counter.o
                                 0x5a (size before relaxing)
 .comment       0x00000059       0x5a Device_Startup/startup_samd21.o
 .comment       0x00000059       0x5a Device_Startup/system_samd21.o
 .comment       0x00000059       0x5a event.o
 .comment       0x00000059       0x5a main.o
 .comment       0x00000059       0x5a timer.o

.debug_info     0x00000000     0xdad7
 .debug_info    0x00000000     0x2171 counter.o
 .debug_info    0x00002171     0x3a28 Device_Startup/startup_samd21.o
 .debug_info    0x00005b99     0x2b02 Device_Startup/system_samd21.o
 .debug_info    0x0000869b     0x173c event.o
 .debug_info    0x00009dd7      0xba8 main.o
 .debug_info    0x0000a97f     0x3158 timer.o

.debug_abbrev   0x00000000      0xb8f
 .debug_abbrev  0x00000000      0x24b counter.o
 .debug_abbrev  0x0000024b      0x234 Device_Startup/startup_samd21.o
 .debug_abbrev  0x0000047f      0x184 Device_Startup/system_samd21.o
 .debug_abbrev  0x00000603      0x14e event.o
 .debug_abbrev  0x00000751      0x257 main.o
 .debug_abbrev  0x000009a8      0x1e7 timer.o

.debug_loc      0x00000000      0x1b5
 .debug_loc     0x00000000       0x34 counter.o
 .debug_loc     0x00000034       0x40 Device_Startup/startup_samd21.o
 .debug_loc     0x00000074       0x88 Device_Startup/system_samd21.o
 .debug_loc     0x000000fc       0x6b main.o
 .debug_loc     0x00000167       0x4e timer.o

.debug_aranges  0x00000000      0x110
 .debug_aranges
                0x00000000       0x40 counter.o
 .debug_aranges
                0x00000040       0x28 Device_Startup/startup_samd21.o
 .debug_aranges
                0x00000068       0x28 Device_Startup/system_samd21.o
 .debug_aranges
                0x00000090       0x20 event.o
 .debug_aranges
                0x000000b0       0x28 main.o
 .debug_aranges
                0x000000d8       0x38 timer.o

.debug_ranges   0x00000000       0xb0
 .debug_ranges  0x00000000       0x30 counter.o
 .debug_ranges  0x00000030       0x18 Device_Startup/startup_samd21.o
 .debug_ranges  0x00000048       0x18 Device_Startup/system_samd21.o
 .debug_ranges  0x00000060       0x10 event.o
 .debug_ranges  0x00000070       0x18 main.o
 .debug_ranges  0x00000088       0x28 timer.o

.debug_macro    0x00000000    0x1191c
 .debug_macro   0x00000000      0x306 counter.o
 .debug_macro   0x00000306      0x8a4 counter.o
 .debug_macro   0x00000baa       0x22 counter.o
 .debug_macro   0x00000bcc       0x87 counter.o
 .debug_macro   0x00000c53       0x51 counter.o
 .debug_macro   0x00000ca4       0xef counter.o
 .debug_macro   0x00000d93       0x6a counter.o
 .debug_macro   0x00000dfd      0x1df counter.o
 .debug_macro   0x00000fdc       0x39 counter.o
 .debug_macro   0x00001015       0x1c counter.o
 .debug_macro   0x00001031       0x22 counter.o
 .debug_macro   0x00001053       0xb5 counter.o
 .debug_macro   0x00001108      0x3ad counter.o
 .debug_macro   0x000014b5      0x67e counter.o
 .debug_macro   0x00001b33      0x8b1 counter.o
 .debug_macro   0x000023e4      0x22e counter.o
 .debug_macro   0x00002612      0xd5c counter.o
 .debug_macro   0x0000336e      0x4dc counter.o
 .debug_macro   0x0000384a      0x9f6 counter.o
 .debug_macro   0x00004240      0x82b counter.o
 .debug_macro   0x00004a6b      0x45f counter.o
 .debug_macro   0x00004eca       0x5e counter.o
 .debug_macro   0x00004f28      0x8f9 counter.o
 .debug_macro   0x00005821      0x21c counter.o
 .debug_macro   0x00005a3d      0x735 counter.o
 .debug_macro   0x00006172       0x5e counter.o
 .debug_macro   0x000061d0      0x632 counter.o
 .debug_macro   0x00006802      0x3ac counter.o
 .debug_macro   0x00006bae      0xc76 counter.o
 .debug_macro   0x00007824     0x1092 counter.o
 .debug_macro   0x000088b6      0xc4a counter.o
 .debug_macro   0x00009500      0x6ba counter.o
 .debug_macro   0x00009bba     0x1b3d counter.o
 .debug_macro   0x0000b6f7     0x143c counter.o
 .debug_macro   0x0000cb33      0x340 counter.o
 .debug_macro   0x0000ce73       0x7c counter.o
 .debug_macro   0x0000ceef       0xa0 counter.o
 .debug_macro   0x0000cf8f       0x4c counter.o
 .debug_macro   0x0000cfdb       0xca counter.o
 .debug_macro   0x0000d0a5       0x94 counter.o
 .debug_macro   0x0000d139       0x58 counter.o
 .debug_macro   0x0000d191      0x341 counter.o
 .debug_macro   0x0000d4d2       0x82 counter.o
 .debug_macro   0x0000d554      0x189 counter.o
 .debug_macro   0x0000d6dd       0xb8 counter.o
 .debug_macro   0x0000d795       0xa0 counter.o
 .debug_macro   0x0000d835       0xb2 counter.o
 .debug_macro   0x0000d8e7       0x1c counter.o
 .debug_macro   0x0000d903       0x1c counter.o
 .debug_macro   0x0000d91f       0x1c counter.o
 .debug_macro   0x0000d93b       0x7c counter.o
 .debug_macro   0x0000d9b7      0x15a counter.o
 .debug_macro   0x0000db11       0x10 counter.o
 .debug_macro   0x0000db21       0xdc counter.o
 .debug_macro   0x0000dbfd      0x124 counter.o
 .debug_macro   0x0000dd21      0x124 counter.o
 .debug_macro   0x0000de45      0x124 counter.o
 .debug_macro   0x0000df69      0x124 counter.o
 .debug_macro   0x0000e08d      0x124 counter.o
 .debug_macro   0x0000e1b1      0x124 counter.o
 .debug_macro   0x0000e2d5      0x124 counter.o
 .debug_macro   0x0000e3f9       0xe2 counter.o
 .debug_macro   0x0000e4db       0xe2 counter.o
 .debug_macro   0x0000e5bd       0xe2 counter.o
 .debug_macro   0x0000e69f      0x12a counter.o
 .debug_macro   0x0000e7c9      0x100 counter.o
 .debug_macro   0x0000e8c9       0xf4 counter.o
 .debug_macro   0x0000e9bd      0x40f counter.o
 .debug_macro   0x0000edcc       0x40 counter.o
 .debug_macro   0x0000ee0c      0x376 counter.o
 .debug_macro   0x0000f182     0x17df counter.o
 .debug_macro   0x00010961       0x6d counter.o
 .debug_macro   0x000109ce      0x2fc Device_Startup/startup_samd21.o
 .debug_macro   0x00010cca      0x32c Device_Startup/system_samd21.o
 .debug_macro   0x00010ff6      0x306 event.o
 .debug_macro   0x000112fc      0x31a main.o
 .debug_macro   0x00011616      0x306 timer.o

.debug_line     0x00000000     0x2acb
 .debug_line    0x00000000      0x742 counter.o
 .debug_line    0x00000742      0x6f7 Device_Startup/startup_samd21.o
 .debug_line    0x00000e39      0x77a Device_Startup/system_samd21.o
 .debug_line    0x000015b3      0x6d0 event.o
 .debug_line    0x00001c83      0x724 main.o
 .debug_line    0x000023a7      0x724 timer.o

.debug_str      0x00000000    0x6f672
 .debug_str     0x00000000    0x6d5eb counter.o
                              0x6d997 (size before relaxing)
 .debug_str     0x0006d5eb     0x1064 Device_Startup/startup_samd21.o
                              0x6e1e9 (size before relaxing)
 .debug_str     0x0006e64f      0x7a3 Device_Startup/system_samd21.o
                              0x6dc83 (size before relaxing)
 .debug_str     0x0006edf2      0x23d event.o
                              0x6d5c6 (size before relaxing)
 .debug_str     0x0006f02f       0x91 main.o
                              0x6d4cd (size before relaxing)
 .debug_str     0x0006f0c0      0x5b2 timer.o
                              0x6dba6 (size before relaxing)

.debug_frame    0x00000000      0x358
 .debug_frame   0x00000000       0x68 counter.o
 .debug_frame   0x00000068       0x40 Device_Startup/startup_samd21.o
 .debug_frame   0x000000a8       0x30 Device_Startup/system_samd21.o
 .debug_frame   0x000000d8       0x20 event.o
 .debug_frame   0x000000f8       0x48 main.o
 .debug_frame   0x00000140       0x58 timer.o
 .debug_frame   0x00000198       0x2c c:/program files (x86)/atmel/studio/7.0/toolchain/arm/arm-gnu-toolchain/bin/../lib/gcc/arm-none-eabi/6.3.1/../../../../arm-none-eabi/lib/thumb/v6-m\libc.a(lib_a-init.o)
 .debug_frame   0x000001c4       0x54 c:/program files (x86)/atmel/studio/7.0/toolchain/arm/arm-gnu-toolchain/bin/../lib/gcc/arm-none-eabi/6.3.1/../../../../arm-none-eabi/lib/thumb/v6-m\libc.a(lib_a-__call_atexit.o)
 .debug_frame   0x00000218       0x28 c:/program files (x86)/atmel/studio/7.0/toolchain/arm/arm-gnu-toolchain/bin/../lib/gcc/arm-none-eabi/6.3.1/../../../../arm-none-eabi/lib/thumb/v6-m\libc.a(lib_a-atexit.o)
 .debug_frame   0x00000240       0x2c c:/program files (x86)/atmel/studio/7.0/toolchain/arm/arm-gnu-toolchain/bin/../lib/gcc/arm-none-eabi/6.3.1/../../../../arm-none-eabi/lib/thumb/v6-m\libc.a(lib_a-fini.o)
 .debug_frame   0x0000026c       0xb0 c:/program files (x86)/atmel/studio/7.0/toolchain/arm/arm-gnu-toolchain/bin/../lib/gcc/arm-none-eabi/6.3.1/../../../../arm-none-eabi/lib/thumb/v6-m\libc.a(lib_a-lock.o)
 .debug_frame   0x0000031c       0x3c c:/program files (x86)/atmel/studio/7.0/toolchain/arm/arm-gnu-toolchain/bin/../lib/gcc/arm-none-eabi/6.3.1/../../../../arm-none-eabi/lib/thumb/v6-m\libc.a(lib_a-__atexit.o)
