Archive member included to satisfy reference by file (symbol)

c:/program files (x86)/atmel/studio/7.0/toolchain/arm/arm-gnu-toolchain/bin/../lib/gcc/arm-none-eabi/6.3.1/thumb/v6-m\libgcc.a(_udivsi3.o)
                              main.o (__aeabi_uidiv)
c:/program files (x86)/atmel/studio/7.0/toolchain/arm/arm-gnu-toolchain/bin/../lib/gcc/arm-none-eabi/6.3.1/thumb/v6-m\libgcc.a(_dvmd_tls.o)
                              c:/program files (x86)/atmel/studio/7.0/toolchain/arm/arm-gnu-toolchain/bin/../lib/gcc/arm-none-eabi/6.3.1/thumb/v6-m\libgcc.a(_udivsi3.o) (__aeabi_idiv0)
c:/program files (x86)/atmel/studio/7.0/toolchain/arm/arm-gnu-toolchain/bin/../lib/gcc/arm-none-eabi/6.3.1/thumb/v6-m\libgcc.a(divsf3.o)
                              main.o (__aeabi_fdiv)
c:/program files (x86)/atmel/studio/7.0/toolchain/arm/arm-gnu-toolchain/bin/../lib/gcc/arm-none-eabi/6.3.1/thumb/v6-m\libgcc.a(mulsf3.o)
                              main.o (__aeabi_fmul)
c:/program files (x86)/atmel/studio/7.0/toolchain/arm/arm-gnu-toolchain/bin/../lib/gcc/arm-none-eabi/6.3.1/thumb/v6-m\libgcc.a(fixsfsi.o)
                              main.o (__aeabi_f2iz)
c:/program files (x86)/atmel/studio/7.0/toolchain/arm/arm-gnu-toolchain/bin/../lib/gcc/arm-none-eabi/6.3.1/thumb/v6-m\libgcc.a(floatsisf.o)
                              main.o (__aeabi_i2f)
c:/program files (x86)/atmel/studio/7.0/toolchain/arm/arm-gnu-toolchain/bin/../lib/gcc/arm-none-eabi/6.3.1/thumb/v6-m\libgcc.a(_clzsi2.o)
                              c:/program files (x86)/atmel/studio/7.0/toolchain/arm/arm-gnu-toolchain/bin/../lib/gcc/arm-none-eabi/6.3.1/thumb/v6-m\libgcc.a(divsf3.o) (__clzsi2)
c:/program files (x86)/atmel/studio/7.0/toolchain/arm/arm-gnu-toolchain/bin/../lib/gcc/arm-none-eabi/6.3.1/../../../../arm-none-eabi/lib/thumb/v6-m\libc.a(lib_a-exit.o)
                              c:/program files (x86)/atmel/studio/7.0/toolchain/arm/arm-gnu-toolchain/bin/../lib/gcc/arm-none-eabi/6.3.1/../../../../arm-none-eabi/lib/thumb/v6-m/crt0.o (exit)
c:/program files (x86)/atmel/studio/7.0/toolchain/arm/arm-gnu-toolchain/bin/../lib/gcc/arm-none-eabi/6.3.1/../../../../arm-none-eabi/lib/thumb/v6-m\libc.a(lib_a-impure.o)
                              c:/program files (x86)/atmel/studio/7.0/toolchain/arm/arm-gnu-toolchain/bin/../lib/gcc/arm-none-eabi/6.3.1/../../../../arm-none-eabi/lib/thumb/v6-m\libc.a(lib_a-exit.o) (_global_impure_ptr)
c:/program files (x86)/atmel/studio/7.0/toolchain/arm/arm-gnu-toolchain/bin/../lib/gcc/arm-none-eabi/6.3.1/../../../../arm-none-eabi/lib/thumb/v6-m\libc.a(lib_a-init.o)
                              c:/program files (x86)/atmel/studio/7.0/toolchain/arm/arm-gnu-toolchain/bin/../lib/gcc/arm-none-eabi/6.3.1/../../../../arm-none-eabi/lib/thumb/v6-m/crt0.o (__libc_init_array)
c:/program files (x86)/atmel/studio/7.0/toolchain/arm/arm-gnu-toolchain/bin/../lib/gcc/arm-none-eabi/6.3.1/../../../../arm-none-eabi/lib/thumb/v6-m\libc.a(lib_a-memcpy-stub.o)
                              accelerometer.o (memcpy)
c:/program files (x86)/atmel/studio/7.0/toolchain/arm/arm-gnu-toolchain/bin/../lib/gcc/arm-none-eabi/6.3.1/../../../../arm-none-eabi/lib/thumb/v6-m\libc.a(lib_a-memset.o)
                              c:/program files (x86)/atmel/studio/7.0/toolchain/arm/arm-gnu-toolchain/bin/../lib/gcc/arm-none-eabi/6.3.1/../../../../arm-none-eabi/lib/thumb/v6-m/crt0.o (memset)
c:/program files (x86)/atmel/studio/7.0/toolchain/arm/arm-gnu-toolchain/bin/../lib/gcc/arm-none-eabi/6.3.1/../../../../arm-none-eabi/lib/thumb/v6-m\libc.a(lib_a-__call_atexit.o)
                              c:/program files (x86)/atmel/studio/7.0/toolchain/arm/arm-gnu-toolchain/bin/../lib/gcc/arm-none-eabi/6.3.1/../../../../arm-none-eabi/lib/thumb/v6-m\libc.a(lib_a-exit.o) (__call_exitprocs)
c:/program files (x86)/atmel/studio/7.0/toolchain/arm/arm-gnu-toolchain/bin/../lib/gcc/arm-none-eabi/6.3.1/../../../../arm-none-eabi/lib/thumb/v6-m\libc.a(lib_a-atexit.o)
                              c:/program files (x86)/atmel/studio/7.0/toolchain/arm/arm-gnu-toolchain/bin/../lib/gcc/arm-none-eabi/6.3.1/../../../../arm-none-eabi/lib/thumb/v6-m\libc.a(lib_a-__call_atexit.o) (atexit)
c:/program files (x86)/atmel/studio/7.0/toolchain/arm/arm-gnu-toolchain/bin/../lib/gcc/arm-none-eabi/6.3.1/../../../../arm-none-eabi/lib/thumb/v6-m\libc.a(lib_a-fini.o)
                              c:/program files (x86)/atmel/studio/7.0/toolchain/arm/arm-gnu-toolchain/bin/../lib/gcc/arm-none-eabi/6.3.1/../../../../arm-none-eabi/lib/thumb/v6-m\libc.a(lib_a-__call_atexit.o) (__libc_fini_array)
c:/program files (x86)/atmel/studio/7.0/toolchain/arm/arm-gnu-toolchain/bin/../lib/gcc/arm-none-eabi/6.3.1/../../../../arm-none-eabi/lib/thumb/v6-m\libc.a(lib_a-lock.o)
                              c:/program files (x86)/atmel/studio/7.0/toolchain/arm/arm-gnu-toolchain/bin/../lib/gcc/arm-none-eabi/6.3.1/../../../../arm-none-eabi/lib/thumb/v6-m\libc.a(lib_a-__call_atexit.o) (__retarget_lock_acquire_recursive)
[...]
Memory Configuration

Name             Origin             Length             Attributes
rom              0x00000000         0x00040000         xr
ram              0x20000000         0x00008000         xrw
*default*        0x00000000         0xffffffff

Linker script and memory map

LOAD c:/program files (x86)/atmel/studio/7.0/toolchain/arm/arm-gnu-toolchain/bin/../lib/gcc/arm-none-eabi/6.3.1/thumb/v6-m/crti.o
LOAD c:/program files (x86)/atmel/studio/7.0/toolchain/arm/arm-gnu-toolchain/bin/../lib/gcc/arm-none-eabi/6.3.1/thumb/v6-m/crtbegin.o
LOAD c:/program files (x86)/atmel/studio/7.0/toolchain/arm/arm-gnu-toolchain/bin/../lib/gcc/arm-none-eabi/6.3.1/../../../../arm-none-eabi/lib/thumb/v6-m/crt0.o
LOAD accelerometer.o
LOAD adc.o
LOAD bmi160.o
LOAD buttons.o
LOAD counter.o
LOAD Device_Startup/startup_samd21.o
LOAD Device_Startup/system_samd21.o
LOAD event.o
LOAD i2c.o
LOAD led.o
LOAD main.o
LOAD spi.o
LOAD timer.o
START GROUP
LOAD c:/program files (x86)/atmel/studio/7.0/toolchain/arm/arm-gnu-toolchain/bin/../lib/gcc/arm-none-eabi/6.3.1/../../../../arm-none-eabi/lib/thumb/v6-m\libm.a
END GROUP
START GROUP
LOAD c:/program files (x86)/atmel/studio/7.0/toolchain/arm/arm-gnu-toolchain/bin/../lib/gcc/arm-none-eabi/6.3.1/thumb/v6-m\libgcc.a
LOAD c:/program files (x86)/atmel/studio/7.0/toolchain/arm/arm-gnu-toolchain/bin/../lib/gcc/arm-none-eabi/6.3.1/../../../../arm-none-eabi/lib/thumb/v6-m\libc.a
END GROUP
LOAD c:/program files (x86)/atmel/studio/7.0/toolchain/arm/arm-gnu-toolchain/bin/../lib/gcc/arm-none-eabi/6.3.1/thumb/v6-m/crtend.o
LOAD c:/program files (x86)/atmel/studio/7.0/toolchain/arm/arm-gnu-toolchain/bin/../lib/gcc/arm-none-eabi/6.3.1/thumb/v6-m/crtn.o
                0x00002000                STACK_SIZE = DEFINED (STACK_SIZE)?STACK_SIZE:DEFINED (__stack_size__)?__stack_size__:0x2000

.text           0x00000000     0x3a90
                0x00000000                . = ALIGN (0x4)
                0x00000000                _sfixed = .
 *(.vectors .vectors.*)
 .vectors       0x00000000       0xb4 Device_Startup/startup_samd21.o
                0x00000000                exception_table
 *(.text .text.* .gnu.linkonce.t.*)
 .text          0x000000b4       0x60 c:/program files (x86)/atmel/studio/7.0/toolchain/arm/arm-gnu-toolchain/bin/../lib/gcc/arm-none-eabi/6.3.1/thumb/v6-m/crtbegin.o
 .text.user_delay_ms
                0x00000114       0x1c accelerometer.o
                0x00000114                user_delay_ms
 .text.user_i2c_read
                0x00000130       0x14 accelerometer.o
                0x00000130                user_i2c_read
 .text.user_i2c_write
                0x00000144       0x3c accelerometer.o
                0x00000144                user_i2c_write
 .text.accelerometer_init
                0x00000180       0x78 accelerometer.o
                0x00000180                accelerometer_init
 .text.accelerometer_get
                0x000001f8       0x54 accelerometer.o
                0x000001f8                accelerometer_get
 .text.accelerometer_get_x
                0x0000024c        0xc accelerometer.o
                0x0000024c                accelerometer_get_x
 .text.accelerometer_get_y
                0x00000258        0xc accelerometer.o
                0x00000258                accelerometer_get_y
 .text.adc_init
                0x00000264      0x100 adc.o
                0x00000264                adc_init
 .text.adc_get  0x00000364       0x14 adc.o
                0x00000364                adc_get
 .text.adc_get_Y
                0x00000378       0x18 adc.o
                0x00000378                adc_get_Y
 .text.adc_get_X
                0x00000390       0x18 adc.o
                0x00000390                adc_get_X
 .text.adc_reset
                0x000003a8       0x24 adc.o
                0x000003a8                adc_reset
 .text.adc_interruptSet
                0x000003cc       0x30 adc.o
                0x000003cc                adc_interruptSet
 .text.ADC_Handler
                0x000003fc       0x64 adc.o
                0x000003fc                ADC_Handler
 .text.null_ptr_check
                0x00000460       0x2c bmi160.o
 .text.bmi160_get_regs
                0x0000048c       0x46 bmi160.o
                0x0000048c                bmi160_get_regs
 .text.bmi160_set_regs
                0x000004d2       0x9c bmi160.o
                0x000004d2                bmi160_set_regs
 *fill*         0x0000056e        0x2 
 .text.bmi160_soft_reset
                0x00000570       0x8c bmi160.o
                0x00000570                bmi160_soft_reset
 .text.bmi160_init
                0x000005fc       0x6c bmi160.o
                0x000005fc                bmi160_init
 .text.bmi160_set_power_mode
                0x00000668      0x138 bmi160.o
                0x00000668                bmi160_set_power_mode
 .text.bmi160_set_sens_conf
                0x000007a0      0x1c0 bmi160.o
                0x000007a0                bmi160_set_sens_conf
 .text.bmi160_get_sensor_data
                0x00000960      0x208 bmi160.o
                0x00000960                bmi160_get_sensor_data
 .text.buttons_init
                0x00000b68       0x34 buttons.o
                0x00000b68                buttons_init
 .text.buttons_get
                0x00000b9c       0x54 buttons.o
                0x00000b9c                buttons_get
 .text.counter_enable
                0x00000bf0       0x18 counter.o
                0x00000bf0                counter_enable
 .text.counter_disable
                0x00000c08       0x18 counter.o
                0x00000c08                counter_disable
 .text.counter_init
                0x00000c20       0x9c counter.o
                0x00000c20                counter_init
 .text.counter_flagGet
                0x00000cbc        0xc counter.o
                0x00000cbc                counter_flagGet
 .text.counter_flagSet
                0x00000cc8       0x10 counter.o
                0x00000cc8                counter_flagSet
 .text.TC3_Handler
                0x00000cd8       0x48 counter.o
                0x00000cd8                TC3_Handler
 .text.Dummy_Handler
                0x00000d20        0x2 Device_Startup/startup_samd21.o
                0x00000d20                SVCall_Handler
                0x00000d20                DMAC_Handler
                0x00000d20                HardFault_Handler
                0x00000d20                AC_Handler
                0x00000d20                PendSV_Handler
                0x00000d20                SERCOM1_Handler
                0x00000d20                NonMaskableInt_Handler
                0x00000d20                TCC1_Handler
                0x00000d20                SERCOM2_Handler
                0x00000d20                TCC0_Handler
                0x00000d20                RTC_Handler
                0x00000d20                EIC_Handler
                0x00000d20                WDT_Handler
                0x00000d20                TC4_Handler
                0x00000d20                USB_Handler
                0x00000d20                Dummy_Handler
                0x00000d20                PM_Handler
                0x00000d20                SERCOM5_Handler
                0x00000d20                TCC2_Handler
                0x00000d20                I2S_Handler
                0x00000d20                NVMCTRL_Handler
                0x00000d20                SERCOM0_Handler
                0x00000d20                DAC_Handler
                0x00000d20                PTC_Handler
                0x00000d20                TC5_Handler
                0x00000d20                SYSCTRL_Handler
 *fill*         0x00000d22        0x2 
 .text.Reset_Handler
                0x00000d24       0xe4 Device_Startup/startup_samd21.o
                0x00000d24                Reset_Handler
 .text.SystemInit
                0x00000e08       0x10 Device_Startup/system_samd21.o
                0x00000e08                SystemInit
 .text.event_init
                0x00000e18       0x44 event.o
                0x00000e18                event_init
 .text.EVSYS_Handler
                0x00000e5c       0x18 event.o
                0x00000e5c                EVSYS_Handler
 .text.i2c_init
                0x00000e74      0x108 i2c.o
                0x00000e74                i2c_init
 .text.i2c_write
                0x00000f7c       0x34 i2c.o
                0x00000f7c                i2c_write
 .text.i2c_read
                0x00000fb0       0x2c i2c.o
                0x00000fb0                i2c_read
 .text.SERCOM3_Handler
                0x00000fdc      0x124 i2c.o
                0x00000fdc                SERCOM3_Handler
 .text.pack12to8
                0x00001100       0x54 led.o
 .text.led_init
                0x00001154       0x1c led.o
                0x00001154                led_init
 .text.led_write
                0x00001170       0x58 led.o
                0x00001170                led_write
 .text.led_writeAll
                0x000011c8       0x38 led.o
                0x000011c8                led_writeAll
 .text.calculate_adc
                0x00001200       0x5c main.o
 .text.main     0x0000125c      0xe4c main.o
                0x0000125c                main
 .text.SysTick_Handler
                0x000020a8       0x10 main.o
                0x000020a8                SysTick_Handler
 .text.spi_init
                0x000020b8      0x11c spi.o
                0x000020b8                spi_init
 .text.spi_lock
                0x000021d4       0x20 spi.o
                0x000021d4                spi_lock
 .text.spi_write
                0x000021f4       0x2c spi.o
                0x000021f4                spi_write
 .text.spi_write_completed
                0x00002220       0x14 spi.o
                0x00002220                spi_write_completed
 .text.SERCOM4_Handler
                0x00002234       0x6c spi.o
                0x00002234                SERCOM4_Handler
 .text.timer_set_period
                0x000022a0       0x40 timer.o
                0x000022a0                timer_set_period
 .text.timer_init
                0x000022e0       0x8c timer.o
                0x000022e0                timer_init
 .text.timer_enable
                0x0000236c       0x10 timer.o
                0x0000236c                timer_enable
 .text          0x0000237c      0x114 c:/program files (x86)/atmel/studio/7.0/toolchain/arm/arm-gnu-toolchain/bin/../lib/gcc/arm-none-eabi/6.3.1/thumb/v6-m\libgcc.a(_udivsi3.o)
                0x0000237c                __aeabi_uidiv
                0x0000237c                __udivsi3
                0x00002488                __aeabi_uidivmod
 .text          0x00002490        0x4 c:/program files (x86)/atmel/studio/7.0/toolchain/arm/arm-gnu-toolchain/bin/../lib/gcc/arm-none-eabi/6.3.1/thumb/v6-m\libgcc.a(_dvmd_tls.o)
                0x00002490                __aeabi_idiv0
                0x00002490                __aeabi_ldiv0
 .text          0x00002494      0x290 c:/program files (x86)/atmel/studio/7.0/toolchain/arm/arm-gnu-toolchain/bin/../lib/gcc/arm-none-eabi/6.3.1/thumb/v6-m\libgcc.a(divsf3.o)
                0x00002494                __aeabi_fdiv
 .text          0x00002724      0x240 c:/program files (x86)/atmel/studio/7.0/toolchain/arm/arm-gnu-toolchain/bin/../lib/gcc/arm-none-eabi/6.3.1/thumb/v6-m\libgcc.a(mulsf3.o)
                0x00002724                __aeabi_fmul
 .text          0x00002964       0x40 c:/program files (x86)/atmel/studio/7.0/toolchain/arm/arm-gnu-toolchain/bin/../lib/gcc/arm-none-eabi/6.3.1/thumb/v6-m\libgcc.a(fixsfsi.o)
                0x00002964                __aeabi_f2iz
 .text          0x000029a4       0xa0 c:/program files (x86)/atmel/studio/7.0/toolchain/arm/arm-gnu-toolchain/bin/../lib/gcc/arm-none-eabi/6.3.1/thumb/v6-m\libgcc.a(floatsisf.o)
                0x000029a4                __aeabi_i2f
 .text          0x00002a44       0x3c c:/program files (x86)/atmel/studio/7.0/toolchain/arm/arm-gnu-toolchain/bin/../lib/gcc/arm-none-eabi/6.3.1/thumb/v6-m\libgcc.a(_clzsi2.o)
                0x00002a44                __clzsi2
 .text.__libc_init_array
                0x00002a80       0x48 c:/program files (x86)/atmel/studio/7.0/toolchain/arm/arm-gnu-toolchain/bin/../lib/gcc/arm-none-eabi/6.3.1/../../../../arm-none-eabi/lib/thumb/v6-m\libc.a(lib_a-init.o)
                0x00002a80                __libc_init_array
 .text.memcpy   0x00002ac8       0x84 c:/program files (x86)/atmel/studio/7.0/toolchain/arm/arm-gnu-toolchain/bin/../lib/gcc/arm-none-eabi/6.3.1/../../../../arm-none-eabi/lib/thumb/v6-m\libc.a(lib_a-memcpy-stub.o)
                0x00002ac8                memcpy
 .text.memset   0x00002b4c       0x94 c:/program files (x86)/atmel/studio/7.0/toolchain/arm/arm-gnu-toolchain/bin/../lib/gcc/arm-none-eabi/6.3.1/../../../../arm-none-eabi/lib/thumb/v6-m\libc.a(lib_a-memset.o)
                0x00002b4c                memset
 .text.startup.register_fini
                0x00002be0       0x18 c:/program files (x86)/atmel/studio/7.0/toolchain/arm/arm-gnu-toolchain/bin/../lib/gcc/arm-none-eabi/6.3.1/../../../../arm-none-eabi/lib/thumb/v6-m\libc.a(lib_a-__call_atexit.o)
 .text.atexit   0x00002bf8       0x10 c:/program files (x86)/atmel/studio/7.0/toolchain/arm/arm-gnu-toolchain/bin/../lib/gcc/arm-none-eabi/6.3.1/../../../../arm-none-eabi/lib/thumb/v6-m\libc.a(lib_a-atexit.o)
                0x00002bf8                atexit
 .text.__libc_fini_array
                0x00002c08       0x34 c:/program files (x86)/atmel/studio/7.0/toolchain/arm/arm-gnu-toolchain/bin/../lib/gcc/arm-none-eabi/6.3.1/../../../../arm-none-eabi/lib/thumb/v6-m\libc.a(lib_a-fini.o)
                0x00002c08                __libc_fini_array
 .text.__retarget_lock_acquire_recursive
                0x00002c3c        0x4 c:/program files (x86)/atmel/studio/7.0/toolchain/arm/arm-gnu-toolchain/bin/../lib/gcc/arm-none-eabi/6.3.1/../../../../arm-none-eabi/lib/thumb/v6-m\libc.a(lib_a-lock.o)
                0x00002c3c                __retarget_lock_acquire_recursive
 .text.__retarget_lock_release_recursive
                0x00002c40        0x4 c:/program files (x86)/atmel/studio/7.0/toolchain/arm/arm-gnu-toolchain/bin/../lib/gcc/arm-none-eabi/6.3.1/../../../../arm-none-eabi/lib/thumb/v6-m\libc.a(lib_a-lock.o)
                0x00002c40                __retarget_lock_release_recursive
 .text.__register_exitproc
                0x00002c44       0xf4 c:/program files (x86)/atmel/studio/7.0/toolchain/arm/arm-gnu-toolchain/bin/../lib/gcc/arm-none-eabi/6.3.1/../../../../arm-none-eabi/lib/thumb/v6-m\libc.a(lib_a-__atexit.o)
                0x00002c44                __register_exitproc
 *(.glue_7t)
 .glue_7t       0x00002d38        0x0 linker stubs
 *(.glue_7)
 .glue_7        0x00002d38        0x0 linker stubs
 *(.rodata .rodata* .gnu.linkonce.r.*)
 .rodata        0x00002d38       0x18 led.o
 .rodata        0x00002d50      0xc58 main.o
                0x00002da0                fade_up
                0x00003070                fade_down
                0x00003340                xy_fade_up
                0x00003674                xy_fade_down
 .rodata        0x000039a8       0x80 c:/program files (x86)/atmel/studio/7.0/toolchain/arm/arm-gnu-toolchain/bin/../lib/gcc/arm-none-eabi/6.3.1/thumb/v6-m\libgcc.a(divsf3.o)
 .rodata        0x00003a28       0x40 c:/program files (x86)/atmel/studio/7.0/toolchain/arm/arm-gnu-toolchain/bin/../lib/gcc/arm-none-eabi/6.3.1/thumb/v6-m\libgcc.a(mulsf3.o)
 .rodata._global_impure_ptr
                0x00003a68        0x4 c:/program files (x86)/atmel/studio/7.0/toolchain/arm/arm-gnu-toolchain/bin/../lib/gcc/arm-none-eabi/6.3.1/../../../../arm-none-eabi/lib/thumb/v6-m\libc.a(lib_a-impure.o)
                0x00003a68                _global_impure_ptr
 *(.ARM.extab* .gnu.linkonce.armextab.*)
                0x00003a6c                . = ALIGN (0x4)
 *(.init)
 .init          0x00003a6c        0x4 c:/program files (x86)/atmel/studio/7.0/toolchain/arm/arm-gnu-toolchain/bin/../lib/gcc/arm-none-eabi/6.3.1/thumb/v6-m/crti.o
                0x00003a6c                _init
 .init          0x00003a70        0x8 c:/program files (x86)/atmel/studio/7.0/toolchain/arm/arm-gnu-toolchain/bin/../lib/gcc/arm-none-eabi/6.3.1/thumb/v6-m/crtn.o
                0x00003a78                . = ALIGN (0x4)
                0x00003a78                __preinit_array_start = .
 *(.preinit_array)
                0x00003a78                __preinit_array_end = .
                0x00003a78                . = ALIGN (0x4)
                0x00003a78                __init_array_start = .
 *(SORT(.init_array.*))
 .init_array.00000
                0x00003a78        0x4 c:/program files (x86)/atmel/studio/7.0/toolchain/arm/arm-gnu-toolchain/bin/../lib/gcc/arm-none-eabi/6.3.1/../../../../arm-none-eabi/lib/thumb/v6-m\libc.a(lib_a-__call_atexit.o)
 *(.init_array)
 .init_array    0x00003a7c        0x4 c:/program files (x86)/atmel/studio/7.0/toolchain/arm/arm-gnu-toolchain/bin/../lib/gcc/arm-none-eabi/6.3.1/thumb/v6-m/crtbegin.o
                0x00003a80                __init_array_end = .
                0x00003a80                . = ALIGN (0x4)
 *crtbegin.o(.ctors)
 *(EXCLUDE_FILE(*crtend.o) .ctors)
 *(SORT(.ctors.*))
 *crtend.o(.ctors)
                0x00003a80                . = ALIGN (0x4)
 *(.fini)
 .fini          0x00003a80        0x4 c:/program files (x86)/atmel/studio/7.0/toolchain/arm/arm-gnu-toolchain/bin/../lib/gcc/arm-none-eabi/6.3.1/thumb/v6-m/crti.o
                0x00003a80                _fini
 .fini          0x00003a84        0x8 c:/program files (x86)/atmel/studio/7.0/toolchain/arm/arm-gnu-toolchain/bin/../lib/gcc/arm-none-eabi/6.3.1/thumb/v6-m/crtn.o
                0x00003a8c                . = ALIGN (0x4)
                0x00003a8c                __fini_array_start = .
 *(.fini_array)
 .fini_array    0x00003a8c        0x4 c:/program files (x86)/atmel/studio/7.0/toolchain/arm/arm-gnu-toolchain/bin/../lib/gcc/arm-none-eabi/6.3.1/thumb/v6-m/crtbegin.o
 *(SORT(.fini_array.*))
                0x00003a90                __fini_array_end = .
 *crtbegin.o(.dtors)
 *(EXCLUDE_FILE(*crtend.o) .dtors)
 *(SORT(.dtors.*))
 *crtend.o(.dtors)
                0x00003a90                . = ALIGN (0x4)
                0x00003a90                _efixed = .
                [!provide]                PROVIDE (__exidx_start, .)

.vfp11_veneer   0x00003a90        0x0
 .vfp11_veneer  0x00003a90        0x0 linker stubs

.v4_bx          0x00003a90        0x0
 .v4_bx         0x00003a90        0x0 linker stubs

.iplt           0x00003a90        0x0
 .iplt          0x00003a90        0x0 c:/program files (x86)/atmel/studio/7.0/toolchain/arm/arm-gnu-toolchain/bin/../lib/gcc/arm-none-eabi/6.3.1/thumb/v6-m/crtbegin.o

.eh_frame       0x00003a90        0x0
 .eh_frame      0x00003a90        0x0 c:/program files (x86)/atmel/studio/7.0/toolchain/arm/arm-gnu-toolchain/bin/../lib/gcc/arm-none-eabi/6.3.1/thumb/v6-m/crtbegin.o

.rel.dyn        0x00003a90        0x0
 .rel.iplt      0x00003a90        0x0 c:/program files (x86)/atmel/studio/7.0/toolchain/arm/arm-gnu-toolchain/bin/../lib/gcc/arm-none-eabi/6.3.1/thumb/v6-m/crtbegin.o

.jcr            0x00003a90        0x0
 .jcr           0x00003a90        0x0 c:/program files (x86)/atmel/studio/7.0/toolchain/arm/arm-gnu-toolchain/bin/../lib/gcc/arm-none-eabi/6.3.1/thumb/v6-m/crtbegin.o

.igot.plt       0x00003a90        0x0
 .igot.plt      0x00003a90        0x0 c:/program files (x86)/atmel/studio/7.0/toolchain/arm/arm-gnu-toolchain/bin/../lib/gcc/arm-none-eabi/6.3.1/thumb/v6-m/crtbegin.o

.ARM.exidx
 *(.ARM.exidx* .gnu.linkonce.armexidx.*)
                [!provide]                PROVIDE (__exidx_end, .)
                0x00003a90                . = ALIGN (0x4)
                0x00003a90                _etext = .

.relocate       0x20000000      0x434 load address 0x00003a90
                0x20000000                . = ALIGN (0x4)
                0x20000000                _srelocate = .
 *(.ramfunc .ramfunc.*)
 *(.data .data.*)
 .data          0x20000000        0x4 Device_Startup/system_samd21.o
                0x20000000                SystemCoreClock
 .data          0x20000004        0x2 main.o
 .data          0x20000006        0x1 spi.o
                0x20000006                i
 *fill*         0x20000007        0x1 
 .data.impure_data
                0x20000008      0x428 c:/program files (x86)/atmel/studio/7.0/toolchain/arm/arm-gnu-toolchain/bin/../lib/gcc/arm-none-eabi/6.3.1/../../../../arm-none-eabi/lib/thumb/v6-m\libc.a(lib_a-impure.o)
 .data.__atexit_recursive_mutex
                0x20000430        0x4 c:/program files (x86)/atmel/studio/7.0/toolchain/arm/arm-gnu-toolchain/bin/../lib/gcc/arm-none-eabi/6.3.1/../../../../arm-none-eabi/lib/thumb/v6-m\libc.a(lib_a-__call_atexit.o)
                0x20000430                __atexit_recursive_mutex
                0x20000434                . = ALIGN (0x4)
                0x20000434                _erelocate = .

.bss            0x20000434      0x1f0 load address 0x00003ec4
                0x20000434                . = ALIGN (0x4)
                0x20000434                _sbss = .
                0x20000434                _szero = .
 *(.bss .bss.*)
 .bss           0x20000434       0x1c c:/program files (x86)/atmel/studio/7.0/toolchain/arm/arm-gnu-toolchain/bin/../lib/gcc/arm-none-eabi/6.3.1/thumb/v6-m/crtbegin.o
 .bss           0x20000450        0x8 accelerometer.o
                0x20000450                rslt
 .bss           0x20000458        0x5 adc.o
 .bss           0x2000045d        0x1 counter.o
 *fill*         0x2000045e        0x2 
 .bss           0x20000460      0x110 i2c.o
 .bss           0x20000570       0x38 led.o
                0x20000570                unpacked
                0x20000590                packed_stuff
 .bss           0x200005a8        0xb main.o
 .bss           0x200005b3        0x2 spi.o
                0x200005b3                busy
                0x200005b4                write_completed
 *(COMMON)
 *fill*         0x200005b5        0x3 
 COMMON         0x200005b8       0x48 accelerometer.o
                0x200005b8                accel
                0x200005c4                datas
                0x200005cc                sensor
                0x200005f4                temp_accel
 COMMON         0x20000600       0x21 c:/program files (x86)/atmel/studio/7.0/toolchain/arm/arm-gnu-toolchain/bin/../lib/gcc/arm-none-eabi/6.3.1/../../../../arm-none-eabi/lib/thumb/v6-m\libc.a(lib_a-lock.o)
                0x20000600                __lock___atexit_recursive_mutex
                0x20000604                __lock___arc4random_mutex
                0x20000608                __lock___env_recursive_mutex
                0x2000060c                __lock___sinit_recursive_mutex
                0x20000610                __lock___malloc_recursive_mutex
                0x20000614                __lock___at_quick_exit_mutex
                0x20000618                __lock___dd_hash_mutex
                0x2000061c                __lock___tz_mutex
                0x20000620                __lock___sfp_recursive_mutex
                0x20000624                . = ALIGN (0x4)
 *fill*         0x20000621        0x3 
                0x20000624                _ebss = .
                0x20000624                _ezero = .

.stack          0x20000624     0x2004 load address 0x000040b4
                0x20000628                . = ALIGN (0x8)
 *fill*         0x20000624        0x4 
                0x20000628                _sstack = .
                0x20002628                . = (. + STACK_SIZE)
 *fill*         0x20000628     0x2000 
                0x20002628                . = ALIGN (0x8)
                0x20002628                _estack = .
                0x20002628                . = ALIGN (0x4)
                0x20002628                _end = .
OUTPUT(LAB10.elf elf32-littlearm)

.ARM.attributes
                0x00000000       0x28
 .ARM.attributes
                0x00000000       0x1e c:/program files (x86)/atmel/studio/7.0/toolchain/arm/arm-gnu-toolchain/bin/../lib/gcc/arm-none-eabi/6.3.1/thumb/v6-m/crti.o
 .ARM.attributes
                0x0000001e       0x2c c:/program files (x86)/atmel/studio/7.0/toolchain/arm/arm-gnu-toolchain/bin/../lib/gcc/arm-none-eabi/6.3.1/thumb/v6-m/crtbegin.o
 .ARM.attributes
                0x0000004a       0x32 accelerometer.o
 .ARM.attributes
                0x0000007c       0x32 adc.o
 .ARM.attributes
                0x000000ae       0x32 bmi160.o
 .ARM.attributes
                0x000000e0       0x32 buttons.o
 .ARM.attributes
                0x00000112       0x32 counter.o
 .ARM.attributes
                0x00000144       0x32 Device_Startup/startup_samd21.o
 .ARM.attributes
                0x00000176       0x32 Device_Startup/system_samd21.o
 .ARM.attributes
                0x000001a8       0x32 event.o
 .ARM.attributes
                0x000001da       0x32 i2c.o
 .ARM.attributes
                0x0000020c       0x32 led.o
 .ARM.attributes
                0x0000023e       0x32 main.o
 .ARM.attributes
                0x00000270       0x32 spi.o
 .ARM.attributes
                0x000002a2       0x32 timer.o
 .ARM.attributes
                0x000002d4       0x1e c:/program files (x86)/atmel/studio/7.0/toolchain/arm/arm-gnu-toolchain/bin/../lib/gcc/arm-none-eabi/6.3.1/thumb/v6-m\libgcc.a(_udivsi3.o)
 .ARM.attributes
                0x000002f2       0x1e c:/program files (x86)/atmel/studio/7.0/toolchain/arm/arm-gnu-toolchain/bin/../lib/gcc/arm-none-eabi/6.3.1/thumb/v6-m\libgcc.a(_dvmd_tls.o)
 .ARM.attributes
                0x00000310       0x2c c:/program files (x86)/atmel/studio/7.0/toolchain/arm/arm-gnu-toolchain/bin/../lib/gcc/arm-none-eabi/6.3.1/thumb/v6-m\libgcc.a(divsf3.o)
 .ARM.attributes
                0x0000033c       0x2c c:/program files (x86)/atmel/studio/7.0/toolchain/arm/arm-gnu-toolchain/bin/../lib/gcc/arm-none-eabi/6.3.1/thumb/v6-m\libgcc.a(mulsf3.o)
 .ARM.attributes
                0x00000368       0x2c c:/program files (x86)/atmel/studio/7.0/toolchain/arm/arm-gnu-toolchain/bin/../lib/gcc/arm-none-eabi/6.3.1/thumb/v6-m\libgcc.a(fixsfsi.o)
 .ARM.attributes
                0x00000394       0x2c c:/program files (x86)/atmel/studio/7.0/toolchain/arm/arm-gnu-toolchain/bin/../lib/gcc/arm-none-eabi/6.3.1/thumb/v6-m\libgcc.a(floatsisf.o)
 .ARM.attributes
                0x000003c0       0x1e c:/program files (x86)/atmel/studio/7.0/toolchain/arm/arm-gnu-toolchain/bin/../lib/gcc/arm-none-eabi/6.3.1/thumb/v6-m\libgcc.a(_clzsi2.o)
 .ARM.attributes
                0x000003de       0x2c c:/program files (x86)/atmel/studio/7.0/toolchain/arm/arm-gnu-toolchain/bin/../lib/gcc/arm-none-eabi/6.3.1/../../../../arm-none-eabi/lib/thumb/v6-m\libc.a(lib_a-impure.o)
 .ARM.attributes
                0x0000040a       0x2c c:/program files (x86)/atmel/studio/7.0/toolchain/arm/arm-gnu-toolchain/bin/../lib/gcc/arm-none-eabi/6.3.1/../../../../arm-none-eabi/lib/thumb/v6-m\libc.a(lib_a-init.o)
 .ARM.attributes
                0x00000436       0x2c c:/program files (x86)/atmel/studio/7.0/toolchain/arm/arm-gnu-toolchain/bin/../lib/gcc/arm-none-eabi/6.3.1/../../../../arm-none-eabi/lib/thumb/v6-m\libc.a(lib_a-memcpy-stub.o)
 .ARM.attributes
                0x00000462       0x2c c:/program files (x86)/atmel/studio/7.0/toolchain/arm/arm-gnu-toolchain/bin/../lib/gcc/arm-none-eabi/6.3.1/../../../../arm-none-eabi/lib/thumb/v6-m\libc.a(lib_a-memset.o)
 .ARM.attributes
                0x0000048e       0x2c c:/program files (x86)/atmel/studio/7.0/toolchain/arm/arm-gnu-toolchain/bin/../lib/gcc/arm-none-eabi/6.3.1/../../../../arm-none-eabi/lib/thumb/v6-m\libc.a(lib_a-__call_atexit.o)
 .ARM.attributes
                0x000004ba       0x2c c:/program files (x86)/atmel/studio/7.0/toolchain/arm/arm-gnu-toolchain/bin/../lib/gcc/arm-none-eabi/6.3.1/../../../../arm-none-eabi/lib/thumb/v6-m\libc.a(lib_a-atexit.o)
 .ARM.attributes
                0x000004e6       0x2c c:/program files (x86)/atmel/studio/7.0/toolchain/arm/arm-gnu-toolchain/bin/../lib/gcc/arm-none-eabi/6.3.1/../../../../arm-none-eabi/lib/thumb/v6-m\libc.a(lib_a-fini.o)
 .ARM.attributes
                0x00000512       0x2c c:/program files (x86)/atmel/studio/7.0/toolchain/arm/arm-gnu-toolchain/bin/../lib/gcc/arm-none-eabi/6.3.1/../../../../arm-none-eabi/lib/thumb/v6-m\libc.a(lib_a-lock.o)
 .ARM.attributes
                0x0000053e       0x2c c:/program files (x86)/atmel/studio/7.0/toolchain/arm/arm-gnu-toolchain/bin/../lib/gcc/arm-none-eabi/6.3.1/../../../../arm-none-eabi/lib/thumb/v6-m\libc.a(lib_a-__atexit.o)
 .ARM.attributes
                0x0000056a       0x1e c:/program files (x86)/atmel/studio/7.0/toolchain/arm/arm-gnu-toolchain/bin/../lib/gcc/arm-none-eabi/6.3.1/thumb/v6-m/crtn.o

.comment        0x00000000       0x59
 .comment       0x00000000       0x59 accelerometer.o
                                 0x5a (size before relaxing)
 .comment       0x00000059       0x5a adc.o
 .comment       0x00000059       0x5a bmi160.o
 .comment       0x00000059       0x5a buttons.o
 .comment       0x00000059       0x5a counter.o
 .comment       0x00000059       0x5a Device_Startup/startup_samd21.o
 .comment       0x00000059       0x5a Device_Startup/system_samd21.o
 .comment       0x00000059       0x5a event.o
 .comment       0x00000059       0x5a i2c.o
 .comment       0x00000059       0x5a led.o
 .comment       0x00000059       0x5a main.o
 .comment       0x00000059       0x5a spi.o
 .comment       0x00000059       0x5a timer.o

.debug_info     0x00000000    0x1dd4e
 .debug_info    0x00000000     0x10ed accelerometer.o
 .debug_info    0x000010ed     0x196b adc.o
 .debug_info    0x00002a58     0x79a2 bmi160.o
 .debug_info    0x0000a3fa      0x74f buttons.o
 .debug_info    0x0000ab49     0x220a counter.o
 .debug_info    0x0000cd53     0x3a28 Device_Startup/startup_samd21.o
 .debug_info    0x0001077b       0xd5 Device_Startup/system_samd21.o
 .debug_info    0x00010850     0x1751 event.o
 .debug_info    0x00011fa1     0x3c85 i2c.o
 .debug_info    0x00015c26      0x286 led.o
 .debug_info    0x00015eac     0x1ab6 main.o
 .debug_info    0x00017962     0x32a9 spi.o
 .debug_info    0x0001ac0b     0x3143 timer.o

.debug_abbrev   0x00000000     0x1e1d
 .debug_abbrev  0x00000000      0x2f8 accelerometer.o
 .debug_abbrev  0x000002f8      0x261 adc.o
 .debug_abbrev  0x00000559      0x470 bmi160.o
 .debug_abbrev  0x000009c9      0x184 buttons.o
 .debug_abbrev  0x00000b4d      0x2b5 counter.o
 .debug_abbrev  0x00000e02      0x234 Device_Startup/startup_samd21.o
 .debug_abbrev  0x00001036       0x72 Device_Startup/system_samd21.o
 .debug_abbrev  0x000010a8      0x166 event.o
 .debug_abbrev  0x0000120e      0x31a i2c.o
 .debug_abbrev  0x00001528      0x124 led.o
 .debug_abbrev  0x0000164c      0x346 main.o
 .debug_abbrev  0x00001992      0x28e spi.o
 .debug_abbrev  0x00001c20      0x1fd timer.o

.debug_loc      0x00000000     0x93bf
 .debug_loc     0x00000000      0x273 accelerometer.o
 .debug_loc     0x00000273       0x14 adc.o
 .debug_loc     0x00000287     0x7f91 bmi160.o
 .debug_loc     0x00008218       0x8c buttons.o
 .debug_loc     0x000082a4       0x75 counter.o
 .debug_loc     0x00008319       0x40 Device_Startup/startup_samd21.o
 .debug_loc     0x00008359      0x14d i2c.o
 .debug_loc     0x000084a6      0x223 led.o
 .debug_loc     0x000086c9      0xc54 main.o
 .debug_loc     0x0000931d       0x54 spi.o
 .debug_loc     0x00009371       0x4e timer.o

.debug_aranges  0x00000000      0x438
 .debug_aranges
                0x00000000       0x58 accelerometer.o
 .debug_aranges
                0x00000058       0x50 adc.o
 .debug_aranges
                0x000000a8      0x180 bmi160.o
 .debug_aranges
                0x00000228       0x28 buttons.o
 .debug_aranges
                0x00000250       0x50 counter.o
 .debug_aranges
                0x000002a0       0x28 Device_Startup/startup_samd21.o
 .debug_aranges
                0x000002c8       0x28 Device_Startup/system_samd21.o
 .debug_aranges
                0x000002f0       0x28 event.o
 .debug_aranges
                0x00000318       0x38 i2c.o
 .debug_aranges
                0x00000350       0x38 led.o
 .debug_aranges
                0x00000388       0x30 main.o
 .debug_aranges
                0x000003b8       0x48 spi.o
 .debug_aranges
                0x00000400       0x38 timer.o

.debug_ranges   0x00000000      0x7c0
 .debug_ranges  0x00000000       0x48 accelerometer.o
 .debug_ranges  0x00000048       0x40 adc.o
 .debug_ranges  0x00000088      0x598 bmi160.o
 .debug_ranges  0x00000620       0x18 buttons.o
 .debug_ranges  0x00000638       0x40 counter.o
 .debug_ranges  0x00000678       0x18 Device_Startup/startup_samd21.o
 .debug_ranges  0x00000690       0x18 Device_Startup/system_samd21.o
 .debug_ranges  0x000006a8       0x18 event.o
 .debug_ranges  0x000006c0       0x28 i2c.o
 .debug_ranges  0x000006e8       0x28 led.o
 .debug_ranges  0x00000710       0x50 main.o
 .debug_ranges  0x00000760       0x38 spi.o
 .debug_ranges  0x00000798       0x28 timer.o

.debug_macro    0x00000000    0x14af2
 .debug_macro   0x00000000      0x429 accelerometer.o
 .debug_macro   0x00000429      0x8a4 accelerometer.o
 .debug_macro   0x00000ccd       0x22 accelerometer.o
 .debug_macro   0x00000cef       0x87 accelerometer.o
 .debug_macro   0x00000d76       0x51 accelerometer.o
 .debug_macro   0x00000dc7       0xef accelerometer.o
 .debug_macro   0x00000eb6       0x6a accelerometer.o
 .debug_macro   0x00000f20      0x1df accelerometer.o
 .debug_macro   0x000010ff       0x3f accelerometer.o
 .debug_macro   0x0000113e       0x1c accelerometer.o
 .debug_macro   0x0000115a       0x22 accelerometer.o
 .debug_macro   0x0000117c       0xb5 accelerometer.o
 .debug_macro   0x00001231      0x3ad accelerometer.o
 .debug_macro   0x000015de      0x67e accelerometer.o
 .debug_macro   0x00001c5c      0x8b1 accelerometer.o
 .debug_macro   0x0000250d      0x22e accelerometer.o
 .debug_macro   0x0000273b      0xd5c accelerometer.o
 .debug_macro   0x00003497      0x4dc accelerometer.o
 .debug_macro   0x00003973      0x9f6 accelerometer.o
 .debug_macro   0x00004369      0x82b accelerometer.o
 .debug_macro   0x00004b94      0x45f accelerometer.o
 .debug_macro   0x00004ff3       0x5e accelerometer.o
 .debug_macro   0x00005051      0x8f9 accelerometer.o
 .debug_macro   0x0000594a      0x21c accelerometer.o
 .debug_macro   0x00005b66      0x735 accelerometer.o
 .debug_macro   0x0000629b       0x5e accelerometer.o
 .debug_macro   0x000062f9      0x632 accelerometer.o
 .debug_macro   0x0000692b      0x3ac accelerometer.o
 .debug_macro   0x00006cd7      0xc76 accelerometer.o
 .debug_macro   0x0000794d     0x1092 accelerometer.o
 .debug_macro   0x000089df      0xc4a accelerometer.o
 .debug_macro   0x00009629      0x6ba accelerometer.o
 .debug_macro   0x00009ce3     0x1b3d accelerometer.o
 .debug_macro   0x0000b820     0x143c accelerometer.o
 .debug_macro   0x0000cc5c      0x340 accelerometer.o
 .debug_macro   0x0000cf9c       0x7c accelerometer.o
 .debug_macro   0x0000d018       0xa0 accelerometer.o
 .debug_macro   0x0000d0b8       0x4c accelerometer.o
 .debug_macro   0x0000d104       0xca accelerometer.o
 .debug_macro   0x0000d1ce       0x94 accelerometer.o
 .debug_macro   0x0000d262       0x58 accelerometer.o
 .debug_macro   0x0000d2ba      0x341 accelerometer.o
 .debug_macro   0x0000d5fb       0x82 accelerometer.o
 .debug_macro   0x0000d67d      0x189 accelerometer.o
 .debug_macro   0x0000d806       0xb8 accelerometer.o
 .debug_macro   0x0000d8be       0xa0 accelerometer.o
 .debug_macro   0x0000d95e       0xb2 accelerometer.o
 .debug_macro   0x0000da10       0x1c accelerometer.o
 .debug_macro   0x0000da2c       0x1c accelerometer.o
 .debug_macro   0x0000da48       0x1c accelerometer.o
 .debug_macro   0x0000da64       0x7c accelerometer.o
 .debug_macro   0x0000dae0      0x15a accelerometer.o
 .debug_macro   0x0000dc3a       0x10 accelerometer.o
 .debug_macro   0x0000dc4a       0xdc accelerometer.o
 .debug_macro   0x0000dd26      0x124 accelerometer.o
 .debug_macro   0x0000de4a      0x124 accelerometer.o
 .debug_macro   0x0000df6e      0x124 accelerometer.o
 .debug_macro   0x0000e092      0x124 accelerometer.o
 .debug_macro   0x0000e1b6      0x124 accelerometer.o
 .debug_macro   0x0000e2da      0x124 accelerometer.o
 .debug_macro   0x0000e3fe      0x124 accelerometer.o
 .debug_macro   0x0000e522       0xe2 accelerometer.o
 .debug_macro   0x0000e604       0xe2 accelerometer.o
 .debug_macro   0x0000e6e6       0xe2 accelerometer.o
 .debug_macro   0x0000e7c8      0x12a accelerometer.o
 .debug_macro   0x0000e8f2      0x100 accelerometer.o
 .debug_macro   0x0000e9f2       0xf4 accelerometer.o
 .debug_macro   0x0000eae6      0x40f accelerometer.o
 .debug_macro   0x0000eef5       0x40 accelerometer.o
 .debug_macro   0x0000ef35      0x376 accelerometer.o
 .debug_macro   0x0000f2ab     0x17df accelerometer.o
 .debug_macro   0x00010a8a       0x6d accelerometer.o
 .debug_macro   0x00010af7       0x28 accelerometer.o
 .debug_macro   0x00010b1f      0x16d accelerometer.o
 .debug_macro   0x00010c8c      0xb47 accelerometer.o
 .debug_macro   0x000117d3       0x58 accelerometer.o
 .debug_macro   0x0001182b       0x35 accelerometer.o
 .debug_macro   0x00011860       0x9c accelerometer.o
 .debug_macro   0x000118fc       0x58 accelerometer.o
 .debug_macro   0x00011954       0x1f accelerometer.o
 .debug_macro   0x00011973       0x43 accelerometer.o
 .debug_macro   0x000119b6       0x20 accelerometer.o
 .debug_macro   0x000119d6      0x187 accelerometer.o
 .debug_macro   0x00011b5d      0x34d accelerometer.o
 .debug_macro   0x00011eaa      0x1e1 accelerometer.o
 .debug_macro   0x0001208b       0x16 accelerometer.o
 .debug_macro   0x000120a1       0x35 accelerometer.o
 .debug_macro   0x000120d6       0x16 accelerometer.o
 .debug_macro   0x000120ec       0x16 accelerometer.o
 .debug_macro   0x00012102       0x29 accelerometer.o
 .debug_macro   0x0001212b      0x30c adc.o
 .debug_macro   0x00012437      0x179 bmi160.o
 .debug_macro   0x000125b0      0x353 bmi160.o
 .debug_macro   0x00012903      0x33f buttons.o
 .debug_macro   0x00012c42       0x22 buttons.o
 .debug_macro   0x00012c64      0x319 counter.o
 .debug_macro   0x00012f7d       0x39 counter.o
 .debug_macro   0x00012fb6      0x2fc Device_Startup/startup_samd21.o
 .debug_macro   0x000132b2      0x302 Device_Startup/system_samd21.o
 .debug_macro   0x000135b4      0x306 event.o
 .debug_macro   0x000138ba      0x415 i2c.o
 .debug_macro   0x00013ccf       0x10 i2c.o
 .debug_macro   0x00013cdf      0x306 led.o
 .debug_macro   0x00013fe5      0x4a6 main.o
 .debug_macro   0x0001448b      0x361 spi.o
 .debug_macro   0x000147ec      0x306 timer.o

.debug_line     0x00000000     0x6b16
 .debug_line    0x00000000      0x872 accelerometer.o
 .debug_line    0x00000872      0x7b1 adc.o
 .debug_line    0x00001023      0xef0 bmi160.o
 .debug_line    0x00001f13      0x703 buttons.o
 .debug_line    0x00002616      0x7a0 counter.o
 .debug_line    0x00002db6      0x6f7 Device_Startup/startup_samd21.o
 .debug_line    0x000034ad      0x6e2 Device_Startup/system_samd21.o
 .debug_line    0x00003b8f      0x6e3 event.o
 .debug_line    0x00004272      0x815 i2c.o
 .debug_line    0x00004a87      0x73c led.o
 .debug_line    0x000051c3      0xa88 main.o
 .debug_line    0x00005c4b      0x7ac spi.o
 .debug_line    0x000063f7      0x71f timer.o

.debug_str      0x00000000    0x7918d
 .debug_str     0x00000000    0x74808 accelerometer.o
                              0x74d18 (size before relaxing)
 .debug_str     0x00074808      0x827 adc.o
                              0x6d8f5 (size before relaxing)
 .debug_str     0x0007502f     0x1739 bmi160.o
                               0xc739 (size before relaxing)
 .debug_str     0x00076768      0x2e4 buttons.o
                              0x6d300 (size before relaxing)
 .debug_str     0x00076a4c      0x2e9 counter.o
                              0x6da38 (size before relaxing)
 .debug_str     0x00076d35     0x1049 Device_Startup/startup_samd21.o
                              0x6e1f3 (size before relaxing)
 .debug_str     0x00077d7e       0x8e Device_Startup/system_samd21.o
                              0x6d05c (size before relaxing)
 .debug_str     0x00077e0c      0x23d event.o
                              0x6d5de (size before relaxing)
 .debug_str     0x00078049      0x80c i2c.o
                              0x70f97 (size before relaxing)
 .debug_str     0x00078855       0x9b led.o
                              0x6d09d (size before relaxing)
 .debug_str     0x000788f0      0x189 main.o
                              0x74ebf (size before relaxing)
 .debug_str     0x00078a79      0x151 spi.o
                              0x6df27 (size before relaxing)
 .debug_str     0x00078bca      0x5c3 timer.o
                              0x6dbb0 (size before relaxing)

.debug_frame    0x00000000      0xd3c
 .debug_frame   0x00000000       0xb8 accelerometer.o
 .debug_frame   0x000000b8       0x80 adc.o
 .debug_frame   0x00000138      0x564 bmi160.o
 .debug_frame   0x0000069c       0x30 buttons.o
 .debug_frame   0x000006cc       0x90 counter.o
 .debug_frame   0x0000075c       0x40 Device_Startup/startup_samd21.o
 .debug_frame   0x0000079c       0x30 Device_Startup/system_samd21.o
 .debug_frame   0x000007cc       0x30 event.o
 .debug_frame   0x000007fc       0x88 i2c.o
 .debug_frame   0x00000884       0x74 led.o
 .debug_frame   0x000008f8       0x64 main.o
 .debug_frame   0x0000095c       0x84 spi.o
 .debug_frame   0x000009e0       0x58 timer.o
 .debug_frame   0x00000a38       0x20 c:/program files (x86)/atmel/studio/7.0/toolchain/arm/arm-gnu-toolchain/bin/../lib/gcc/arm-none-eabi/6.3.1/thumb/v6-m\libgcc.a(_udivsi3.o)
 .debug_frame   0x00000a58       0x3c c:/program files (x86)/atmel/studio/7.0/toolchain/arm/arm-gnu-toolchain/bin/../lib/gcc/arm-none-eabi/6.3.1/thumb/v6-m\libgcc.a(divsf3.o)
 .debug_frame   0x00000a94       0x3c c:/program files (x86)/atmel/studio/7.0/toolchain/arm/arm-gnu-toolchain/bin/../lib/gcc/arm-none-eabi/6.3.1/thumb/v6-m\libgcc.a(mulsf3.o)
 .debug_frame   0x00000ad0       0x20 c:/program files (x86)/atmel/studio/7.0/toolchain/arm/arm-gnu-toolchain/bin/../lib/gcc/arm-none-eabi/6.3.1/thumb/v6-m\libgcc.a(fixsfsi.o)
 .debug_frame   0x00000af0       0x2c c:/program files (x86)/atmel/studio/7.0/toolchain/arm/arm-gnu-toolchain/bin/../lib/gcc/arm-none-eabi/6.3.1/thumb/v6-m\libgcc.a(floatsisf.o)
 .debug_frame   0x00000b1c       0x2c c:/program files (x86)/atmel/studio/7.0/toolchain/arm/arm-gnu-toolchain/bin/../lib/gcc/arm-none-eabi/6.3.1/../../../../arm-none-eabi/lib/thumb/v6-m\libc.a(lib_a-init.o)
 .debug_frame   0x00000b48       0x30 c:/program files (x86)/atmel/studio/7.0/toolchain/arm/arm-gnu-toolchain/bin/../lib/gcc/arm-none-eabi/6.3.1/../../../../arm-none-eabi/lib/thumb/v6-m\libc.a(lib_a-memcpy-stub.o)
 .debug_frame   0x00000b78       0x30 c:/program files (x86)/atmel/studio/7.0/toolchain/arm/arm-gnu-toolchain/bin/../lib/gcc/arm-none-eabi/6.3.1/../../../../arm-none-eabi/lib/thumb/v6-m\libc.a(lib_a-memset.o)
 .debug_frame   0x00000ba8       0x54 c:/program files (x86)/atmel/studio/7.0/toolchain/arm/arm-gnu-toolchain/bin/../lib/gcc/arm-none-eabi/6.3.1/../../../../arm-none-eabi/lib/thumb/v6-m\libc.a(lib_a-__call_atexit.o)
 .debug_frame   0x00000bfc       0x28 c:/program files (x86)/atmel/studio/7.0/toolchain/arm/arm-gnu-toolchain/bin/../lib/gcc/arm-none-eabi/6.3.1/../../../../arm-none-eabi/lib/thumb/v6-m\libc.a(lib_a-atexit.o)
 .debug_frame   0x00000c24       0x2c c:/program files (x86)/atmel/studio/7.0/toolchain/arm/arm-gnu-toolchain/bin/../lib/gcc/arm-none-eabi/6.3.1/../../../../arm-none-eabi/lib/thumb/v6-m\libc.a(lib_a-fini.o)
 .debug_frame   0x00000c50       0xb0 c:/program files (x86)/atmel/studio/7.0/toolchain/arm/arm-gnu-toolchain/bin/../lib/gcc/arm-none-eabi/6.3.1/../../../../arm-none-eabi/lib/thumb/v6-m\libc.a(lib_a-lock.o)
 .debug_frame   0x00000d00       0x3c c:/program files (x86)/atmel/studio/7.0/toolchain/arm/arm-gnu-toolchain/bin/../lib/gcc/arm-none-eabi/6.3.1/../../../../arm-none-eabi/lib/thumb/v6-m\libc.a(lib_a-__atexit.o)
