Archive member included to satisfy reference by file (symbol)

c:/program files (x86)/atmel/studio/7.0/toolchain/arm/arm-gnu-toolchain/bin/../lib/gcc/arm-none-eabi/6.3.1/../../../../arm-none-eabi/lib/thumb/v6-m\libc.a(lib_a-exit.o)
                              c:/program files (x86)/atmel/studio/7.0/toolchain/arm/arm-gnu-toolchain/bin/../lib/gcc/arm-none-eabi/6.3.1/../../../../arm-none-eabi/lib/thumb/v6-m/crt0.o (exit)
c:/program files (x86)/atmel/studio/7.0/toolchain/arm/arm-gnu-toolchain/bin/../lib/gcc/arm-none-eabi/6.3.1/../../../../arm-none-eabi/lib/thumb/v6-m\libc.a(lib_a-impure.o)
                              c:/program files (x86)/atmel/studio/7.0/toolchain/arm/arm-gnu-toolchain/bin/../lib/gcc/arm-none-eabi/6.3.1/../../../../arm-none-eabi/lib/thumb/v6-m\libc.a(lib_a-exit.o) (_global_impure_ptr)
c:/program files (x86)/atmel/studio/7.0/toolchain/arm/arm-gnu-toolchain/bin/../lib/gcc/arm-none-eabi/6.3.1/../../../../arm-none-eabi/lib/thumb/v6-m\libc.a(lib_a-init.o)
                              c:/program files (x86)/atmel/studio/7.0/toolchain/arm/arm-gnu-toolchain/bin/../lib/gcc/arm-none-eabi/6.3.1/../../../../arm-none-eabi/lib/thumb/v6-m/crt0.o (__libc_init_array)
c:/program files (x86)/atmel/studio/7.0/toolchain/arm/arm-gnu-toolchain/bin/../lib/gcc/arm-none-eabi/6.3.1/../../../../arm-none-eabi/lib/thumb/v6-m\libc.a(lib_a-memset.o)
                              c:/program files (x86)/atmel/studio/7.0/toolchain/arm/arm-gnu-toolchain/bin/../lib/gcc/arm-none-eabi/6.3.1/../../../../arm-none-eabi/lib/thumb/v6-m/crt0.o (memset)
c:/program files (x86)/atmel/studio/7.0/toolchain/arm/arm-gnu-toolchain/bin/../lib/gcc/arm-none-eabi/6.3.1/../../../../arm-none-eabi/lib/thumb/v6-m\libc.a(lib_a-__call_atexit.o)
                              c:/program files (x86)/atmel/studio/7.0/toolchain/arm/arm-gnu-toolchain/bin/../lib/gcc/arm-none-eabi/6.3.1/../../../../arm-none-eabi/lib/thumb/v6-m\libc.a(lib_a-exit.o) (__call_exitprocs)
c:/program files (x86)/atmel/studio/7.0/toolchain/arm/arm-gnu-toolchain/bin/../lib/gcc/arm-none-eabi/6.3.1/../../../../arm-none-eabi/lib/thumb/v6-m\libc.a(lib_a-atexit.o)
                              c:/program files (x86)/atmel/studio/7.0/toolchain/arm/arm-gnu-toolchain/bin/../lib/gcc/arm-none-eabi/6.3.1/../../../../arm-none-eabi/lib/thumb/v6-m\libc.a(lib_a-__call_atexit.o) (atexit)
c:/program files (x86)/atmel/studio/7.0/toolchain/arm/arm-gnu-toolchain/bin/../lib/gcc/arm-none-eabi/6.3.1/../../../../arm-none-eabi/lib/thumb/v6-m\libc.a(lib_a-fini.o)
                              c:/program files (x86)/atmel/studio/7.0/toolchain/arm/arm-gnu-toolchain/bin/../lib/gcc/arm-none-eabi/6.3.1/../../../../arm-none-eabi/lib/thumb/v6-m\libc.a(lib_a-__call_atexit.o) (__libc_fini_array)
c:/program files (x86)/atmel/studio/7.0/toolchain/arm/arm-gnu-toolchain/bin/../lib/gcc/arm-none-eabi/6.3.1/../../../../arm-none-eabi/lib/thumb/v6-m\libc.a(lib_a-lock.o)
                              c:/program files (x86)/atmel/studio/7.0/toolchain/arm/arm-gnu-toolchain/bin/../lib/gcc/arm-none-eabi/6.3.1/../../../../arm-none-eabi/lib/thumb/v6-m\libc.a(lib_a-__call_atexit.o) (__retarget_lock_acquire_recursive)
c:/program files (x86)/atmel/studio/7.0/toolchain/arm/arm-gnu-toolchain/bin/../lib/gcc/arm-none-eabi/6.3.1/../../../../arm-none-eabi/lib/thumb/v6-m\libc.a(lib_a-__atexit.o)
                              c:/program files (x86)/atmel/studio/7.0/toolchain/arm/arm-gnu-toolchain/bin/../lib/gcc/arm-none-eabi/6.3.1/../../../../arm-none-eabi/lib/thumb/v6-m\libc.a(lib_a-atexit.o) (__register_exitproc)

Allocating common symbols
Common symbol       size              file

__lock___atexit_recursive_mutex
                    0x1               c:/program files (x86)/atmel/studio/7.0/toolchain/arm/arm-gnu-toolchain/bin/../lib/gcc/arm-none-eabi/6.3.1/../../../../arm-none-eabi/lib/thumb/v6-m\libc.a(lib_a-lock.o)
__lock___arc4random_mutex
                    0x1               c:/program files (x86)/atmel/studio/7.0/toolchain/arm/arm-gnu-toolchain/bin/../lib/gcc/arm-none-eabi/6.3.1/../../../../arm-none-eabi/lib/thumb/v6-m\libc.a(lib_a-lock.o)
__lock___env_recursive_mutex
                    0x1               c:/program files (x86)/atmel/studio/7.0/toolchain/arm/arm-gnu-toolchain/bin/../lib/gcc/arm-none-eabi/6.3.1/../../../../arm-none-eabi/lib/thumb/v6-m\libc.a(lib_a-lock.o)
__lock___sinit_recursive_mutex
                    0x1               c:/program files (x86)/atmel/studio/7.0/toolchain/arm/arm-gnu-toolchain/bin/../lib/gcc/arm-none-eabi/6.3.1/../../../../arm-none-eabi/lib/thumb/v6-m\libc.a(lib_a-lock.o)
__lock___malloc_recursive_mutex
                    0x1               c:/program files (x86)/atmel/studio/7.0/toolchain/arm/arm-gnu-toolchain/bin/../lib/gcc/arm-none-eabi/6.3.1/../../../../arm-none-eabi/lib/thumb/v6-m\libc.a(lib_a-lock.o)
__lock___at_quick_exit_mutex
[...]
Memory Configuration

Name             Origin             Length             Attributes
rom              0x00000000         0x00040000         xr
ram              0x20000000         0x00008000         xrw
*default*        0x00000000         0xffffffff

Linker script and memory map

LOAD c:/program files (x86)/atmel/studio/7.0/toolchain/arm/arm-gnu-toolchain/bin/../lib/gcc/arm-none-eabi/6.3.1/thumb/v6-m/crti.o
LOAD c:/program files (x86)/atmel/studio/7.0/toolchain/arm/arm-gnu-toolchain/bin/../lib/gcc/arm-none-eabi/6.3.1/thumb/v6-m/crtbegin.o
LOAD c:/program files (x86)/atmel/studio/7.0/toolchain/arm/arm-gnu-toolchain/bin/../lib/gcc/arm-none-eabi/6.3.1/../../../../arm-none-eabi/lib/thumb/v6-m/crt0.o
LOAD buttons.o
LOAD counter.o
LOAD Device_Startup/startup_samd21.o
LOAD Device_Startup/system_samd21.o
LOAD event.o
LOAD led.o
LOAD main.o
LOAD spi.o
LOAD timer.o
START GROUP
LOAD c:/program files (x86)/atmel/studio/7.0/toolchain/arm/arm-gnu-toolchain/bin/../lib/gcc/arm-none-eabi/6.3.1/../../../../arm-none-eabi/lib/thumb/v6-m\libm.a
END GROUP
START GROUP
LOAD c:/program files (x86)/atmel/studio/7.0/toolchain/arm/arm-gnu-toolchain/bin/../lib/gcc/arm-none-eabi/6.3.1/thumb/v6-m\libgcc.a
LOAD c:/program files (x86)/atmel/studio/7.0/toolchain/arm/arm-gnu-toolchain/bin/../lib/gcc/arm-none-eabi/6.3.1/../../../../arm-none-eabi/lib/thumb/v6-m\libc.a
END GROUP
LOAD c:/program files (x86)/atmel/studio/7.0/toolchain/arm/arm-gnu-toolchain/bin/../lib/gcc/arm-none-eabi/6.3.1/thumb/v6-m/crtend.o
LOAD c:/program files (x86)/atmel/studio/7.0/toolchain/arm/arm-gnu-toolchain/bin/../lib/gcc/arm-none-eabi/6.3.1/thumb/v6-m/crtn.o
                0x00002000                STACK_SIZE = DEFINED (STACK_SIZE)?STACK_SIZE:DEFINED (__stack_size__)?__stack_size__:0x2000

.text           0x00000000      0xfec
                0x00000000                . = ALIGN (0x4)
                0x00000000                _sfixed = .
 *(.vectors .vectors.*)
 .vectors       0x00000000       0xb4 Device_Startup/startup_samd21.o
                0x00000000                exception_table
 *(.text .text.* .gnu.linkonce.t.*)
 .text          0x000000b4       0x60 c:/program files (x86)/atmel/studio/7.0/toolchain/arm/arm-gnu-toolchain/bin/../lib/gcc/arm-none-eabi/6.3.1/thumb/v6-m/crtbegin.o
 .text.counter_set
                0x00000114       0x14 counter.o
                0x00000114                counter_set
 .text.counter_enable
                0x00000128       0x18 counter.o
                0x00000128                counter_enable
 .text.counter_disable
                0x00000140       0x18 counter.o
                0x00000140                counter_disable
 .text.counter_init
                0x00000158       0x8c counter.o
                0x00000158                counter_init
 .text.counter_flagGet
                0x000001e4        0xc counter.o
                0x000001e4                counter_flagGet
 .text.counter_flagSet
                0x000001f0        0xc counter.o
                0x000001f0                counter_flagSet
 .text.TC3_Handler
                0x000001fc       0x34 counter.o
                0x000001fc                TC3_Handler
 .text.Dummy_Handler
                0x00000230        0x2 Device_Startup/startup_samd21.o
                0x00000230                SVCall_Handler
                0x00000230                DMAC_Handler
                0x00000230                HardFault_Handler
                0x00000230                AC_Handler
                0x00000230                PendSV_Handler
                0x00000230                SERCOM1_Handler
                0x00000230                ADC_Handler
                0x00000230                NonMaskableInt_Handler
                0x00000230                TCC1_Handler
                0x00000230                SERCOM2_Handler
                0x00000230                TCC0_Handler
                0x00000230                RTC_Handler
                0x00000230                EIC_Handler
                0x00000230                WDT_Handler
                0x00000230                TC4_Handler
                0x00000230                USB_Handler
                0x00000230                Dummy_Handler
                0x00000230                PM_Handler
                0x00000230                SERCOM5_Handler
                0x00000230                TCC2_Handler
                0x00000230                SERCOM3_Handler
                0x00000230                I2S_Handler
                0x00000230                NVMCTRL_Handler
                0x00000230                SERCOM0_Handler
                0x00000230                DAC_Handler
                0x00000230                PTC_Handler
                0x00000230                TC5_Handler
                0x00000230                SYSCTRL_Handler
 *fill*         0x00000232        0x2 
 .text.Reset_Handler
                0x00000234       0xe4 Device_Startup/startup_samd21.o
                0x00000234                Reset_Handler
 .text.SystemInit
                0x00000318       0x10 Device_Startup/system_samd21.o
                0x00000318                SystemInit
 .text.event_init
                0x00000328       0x44 event.o
                0x00000328                event_init
 .text.EVSYS_Handler
                0x0000036c       0x18 event.o
                0x0000036c                EVSYS_Handler
 .text.pack12to8
                0x00000384       0x52 led.o
 *fill*         0x000003d6        0x2 
 .text.led_init
                0x000003d8       0x1c led.o
                0x000003d8                led_init
 .text.led_writeAll
                0x000003f4       0x38 led.o
                0x000003f4                led_writeAll
 .text.main     0x0000042c      0x184 main.o
                0x0000042c                main
 .text.SysTick_Handler
                0x000005b0       0x10 main.o
                0x000005b0                SysTick_Handler
 .text.spi_init
                0x000005c0      0x11c spi.o
                0x000005c0                spi_init
 .text.spi_lock
                0x000006dc       0x18 spi.o
                0x000006dc                spi_lock
 .text.spi_write
                0x000006f4       0x2c spi.o
                0x000006f4                spi_write
 .text.SERCOM4_Handler
                0x00000720       0x68 spi.o
                0x00000720                SERCOM4_Handler
 .text.timer_set_period
                0x00000788       0x40 timer.o
                0x00000788                timer_set_period
 .text.timer_init
                0x000007c8       0x94 timer.o
                0x000007c8                timer_init
 .text.timer_enable
                0x0000085c       0x10 timer.o
                0x0000085c                timer_enable
 .text.__libc_init_array
                0x0000086c       0x48 c:/program files (x86)/atmel/studio/7.0/toolchain/arm/arm-gnu-toolchain/bin/../lib/gcc/arm-none-eabi/6.3.1/../../../../arm-none-eabi/lib/thumb/v6-m\libc.a(lib_a-init.o)
                0x0000086c                __libc_init_array
 .text.startup.register_fini
                0x000008b4       0x18 c:/program files (x86)/atmel/studio/7.0/toolchain/arm/arm-gnu-toolchain/bin/../lib/gcc/arm-none-eabi/6.3.1/../../../../arm-none-eabi/lib/thumb/v6-m\libc.a(lib_a-__call_atexit.o)
 .text.atexit   0x000008cc       0x10 c:/program files (x86)/atmel/studio/7.0/toolchain/arm/arm-gnu-toolchain/bin/../lib/gcc/arm-none-eabi/6.3.1/../../../../arm-none-eabi/lib/thumb/v6-m\libc.a(lib_a-atexit.o)
                0x000008cc                atexit
 .text.__libc_fini_array
                0x000008dc       0x34 c:/program files (x86)/atmel/studio/7.0/toolchain/arm/arm-gnu-toolchain/bin/../lib/gcc/arm-none-eabi/6.3.1/../../../../arm-none-eabi/lib/thumb/v6-m\libc.a(lib_a-fini.o)
                0x000008dc                __libc_fini_array
 .text.__retarget_lock_acquire_recursive
                0x00000910        0x4 c:/program files (x86)/atmel/studio/7.0/toolchain/arm/arm-gnu-toolchain/bin/../lib/gcc/arm-none-eabi/6.3.1/../../../../arm-none-eabi/lib/thumb/v6-m\libc.a(lib_a-lock.o)
                0x00000910                __retarget_lock_acquire_recursive
 .text.__retarget_lock_release_recursive
                0x00000914        0x4 c:/program files (x86)/atmel/studio/7.0/toolchain/arm/arm-gnu-toolchain/bin/../lib/gcc/arm-none-eabi/6.3.1/../../../../arm-none-eabi/lib/thumb/v6-m\libc.a(lib_a-lock.o)
                0x00000914                __retarget_lock_release_recursive
 .text.__register_exitproc
                0x00000918       0xf4 c:/program files (x86)/atmel/studio/7.0/toolchain/arm/arm-gnu-toolchain/bin/../lib/gcc/arm-none-eabi/6.3.1/../../../../arm-none-eabi/lib/thumb/v6-m\libc.a(lib_a-__atexit.o)
                0x00000918                __register_exitproc
 *(.glue_7t)
 .glue_7t       0x00000a0c        0x0 linker stubs
 *(.glue_7)
 .glue_7        0x00000a0c        0x0 linker stubs
 *(.rodata .rodata* .gnu.linkonce.r.*)
 .rodata        0x00000a0c      0x5b8 main.o
                0x00000a24                fade_up
                0x00000cf4                fade_down
 .rodata._global_impure_ptr
                0x00000fc4        0x4 c:/program files (x86)/atmel/studio/7.0/toolchain/arm/arm-gnu-toolchain/bin/../lib/gcc/arm-none-eabi/6.3.1/../../../../arm-none-eabi/lib/thumb/v6-m\libc.a(lib_a-impure.o)
                0x00000fc4                _global_impure_ptr
 *(.ARM.extab* .gnu.linkonce.armextab.*)
                0x00000fc8                . = ALIGN (0x4)
 *(.init)
 .init          0x00000fc8        0x4 c:/program files (x86)/atmel/studio/7.0/toolchain/arm/arm-gnu-toolchain/bin/../lib/gcc/arm-none-eabi/6.3.1/thumb/v6-m/crti.o
                0x00000fc8                _init
 .init          0x00000fcc        0x8 c:/program files (x86)/atmel/studio/7.0/toolchain/arm/arm-gnu-toolchain/bin/../lib/gcc/arm-none-eabi/6.3.1/thumb/v6-m/crtn.o
                0x00000fd4                . = ALIGN (0x4)
                0x00000fd4                __preinit_array_start = .
 *(.preinit_array)
                0x00000fd4                __preinit_array_end = .
                0x00000fd4                . = ALIGN (0x4)
                0x00000fd4                __init_array_start = .
 *(SORT(.init_array.*))
 .init_array.00000
                0x00000fd4        0x4 c:/program files (x86)/atmel/studio/7.0/toolchain/arm/arm-gnu-toolchain/bin/../lib/gcc/arm-none-eabi/6.3.1/../../../../arm-none-eabi/lib/thumb/v6-m\libc.a(lib_a-__call_atexit.o)
 *(.init_array)
 .init_array    0x00000fd8        0x4 c:/program files (x86)/atmel/studio/7.0/toolchain/arm/arm-gnu-toolchain/bin/../lib/gcc/arm-none-eabi/6.3.1/thumb/v6-m/crtbegin.o
                0x00000fdc                __init_array_end = .
                0x00000fdc                . = ALIGN (0x4)
 *crtbegin.o(.ctors)
 *(EXCLUDE_FILE(*crtend.o) .ctors)
 *(SORT(.ctors.*))
 *crtend.o(.ctors)
                0x00000fdc                . = ALIGN (0x4)
 *(.fini)
 .fini          0x00000fdc        0x4 c:/program files (x86)/atmel/studio/7.0/toolchain/arm/arm-gnu-toolchain/bin/../lib/gcc/arm-none-eabi/6.3.1/thumb/v6-m/crti.o
                0x00000fdc                _fini
 .fini          0x00000fe0        0x8 c:/program files (x86)/atmel/studio/7.0/toolchain/arm/arm-gnu-toolchain/bin/../lib/gcc/arm-none-eabi/6.3.1/thumb/v6-m/crtn.o
                0x00000fe8                . = ALIGN (0x4)
                0x00000fe8                __fini_array_start = .
 *(.fini_array)
 .fini_array    0x00000fe8        0x4 c:/program files (x86)/atmel/studio/7.0/toolchain/arm/arm-gnu-toolchain/bin/../lib/gcc/arm-none-eabi/6.3.1/thumb/v6-m/crtbegin.o
 *(SORT(.fini_array.*))
                0x00000fec                __fini_array_end = .
 *crtbegin.o(.dtors)
 *(EXCLUDE_FILE(*crtend.o) .dtors)
 *(SORT(.dtors.*))
 *crtend.o(.dtors)
                0x00000fec                . = ALIGN (0x4)
                0x00000fec                _efixed = .
                [!provide]                PROVIDE (__exidx_start, .)

.vfp11_veneer   0x00000fec        0x0
 .vfp11_veneer  0x00000fec        0x0 linker stubs

.v4_bx          0x00000fec        0x0
 .v4_bx         0x00000fec        0x0 linker stubs

.iplt           0x00000fec        0x0
 .iplt          0x00000fec        0x0 c:/program files (x86)/atmel/studio/7.0/toolchain/arm/arm-gnu-toolchain/bin/../lib/gcc/arm-none-eabi/6.3.1/thumb/v6-m/crtbegin.o

.eh_frame       0x00000fec        0x0
 .eh_frame      0x00000fec        0x0 c:/program files (x86)/atmel/studio/7.0/toolchain/arm/arm-gnu-toolchain/bin/../lib/gcc/arm-none-eabi/6.3.1/thumb/v6-m/crtbegin.o

.rel.dyn        0x00000fec        0x0
 .rel.iplt      0x00000fec        0x0 c:/program files (x86)/atmel/studio/7.0/toolchain/arm/arm-gnu-toolchain/bin/../lib/gcc/arm-none-eabi/6.3.1/thumb/v6-m/crtbegin.o

.jcr            0x00000fec        0x0
 .jcr           0x00000fec        0x0 c:/program files (x86)/atmel/studio/7.0/toolchain/arm/arm-gnu-toolchain/bin/../lib/gcc/arm-none-eabi/6.3.1/thumb/v6-m/crtbegin.o

.igot.plt       0x00000fec        0x0
 .igot.plt      0x00000fec        0x0 c:/program files (x86)/atmel/studio/7.0/toolchain/arm/arm-gnu-toolchain/bin/../lib/gcc/arm-none-eabi/6.3.1/thumb/v6-m/crtbegin.o

.ARM.exidx
 *(.ARM.exidx* .gnu.linkonce.armexidx.*)
                [!provide]                PROVIDE (__exidx_end, .)
                0x00000fec                . = ALIGN (0x4)
                0x00000fec                _etext = .

.relocate       0x20000000      0x434 load address 0x00000fec
                0x20000000                . = ALIGN (0x4)
                0x20000000                _srelocate = .
 *(.ramfunc .ramfunc.*)
 *(.data .data.*)
 .data          0x20000000        0x4 Device_Startup/system_samd21.o
                0x20000000                SystemCoreClock
 .data          0x20000004        0x1 spi.o
                0x20000004                i
 *fill*         0x20000005        0x3 
 .data.impure_data
                0x20000008      0x428 c:/program files (x86)/atmel/studio/7.0/toolchain/arm/arm-gnu-toolchain/bin/../lib/gcc/arm-none-eabi/6.3.1/../../../../arm-none-eabi/lib/thumb/v6-m\libc.a(lib_a-impure.o)
 .data.__atexit_recursive_mutex
                0x20000430        0x4 c:/program files (x86)/atmel/studio/7.0/toolchain/arm/arm-gnu-toolchain/bin/../lib/gcc/arm-none-eabi/6.3.1/../../../../arm-none-eabi/lib/thumb/v6-m\libc.a(lib_a-__call_atexit.o)
                0x20000430                __atexit_recursive_mutex
                0x20000434                . = ALIGN (0x4)
                0x20000434                _erelocate = .

.bss            0x20000434       0x90 load address 0x00001420
                0x20000434                . = ALIGN (0x4)
                0x20000434                _sbss = .
                0x20000434                _szero = .
 *(.bss .bss.*)
 .bss           0x20000434       0x1c c:/program files (x86)/atmel/studio/7.0/toolchain/arm/arm-gnu-toolchain/bin/../lib/gcc/arm-none-eabi/6.3.1/thumb/v6-m/crtbegin.o
 .bss           0x20000450        0x1 counter.o
 *fill*         0x20000451        0x3 
 .bss           0x20000454       0x38 led.o
                0x20000454                unpacked
                0x20000474                packed_stuff
 .bss           0x2000048c       0x10 main.o
 .bss           0x2000049c        0x1 spi.o
                0x2000049c                busy
 *(COMMON)
 *fill*         0x2000049d        0x3 
 COMMON         0x200004a0       0x21 c:/program files (x86)/atmel/studio/7.0/toolchain/arm/arm-gnu-toolchain/bin/../lib/gcc/arm-none-eabi/6.3.1/../../../../arm-none-eabi/lib/thumb/v6-m\libc.a(lib_a-lock.o)
                0x200004a0                __lock___atexit_recursive_mutex
                0x200004a4                __lock___arc4random_mutex
                0x200004a8                __lock___env_recursive_mutex
                0x200004ac                __lock___sinit_recursive_mutex
                0x200004b0                __lock___malloc_recursive_mutex
                0x200004b4                __lock___at_quick_exit_mutex
                0x200004b8                __lock___dd_hash_mutex
                0x200004bc                __lock___tz_mutex
                0x200004c0                __lock___sfp_recursive_mutex
                0x200004c4                . = ALIGN (0x4)
 *fill*         0x200004c1        0x3 
                0x200004c4                _ebss = .
                0x200004c4                _ezero = .

.stack          0x200004c4     0x2004 load address 0x000014b0
                0x200004c8                . = ALIGN (0x8)
 *fill*         0x200004c4        0x4 
                0x200004c8                _sstack = .
                0x200024c8                . = (. + STACK_SIZE)
 *fill*         0x200004c8     0x2000 
                0x200024c8                . = ALIGN (0x8)
                0x200024c8                _estack = .
                0x200024c8                . = ALIGN (0x4)
                0x200024c8                _end = .
OUTPUT(LAB10.elf elf32-littlearm)

.ARM.attributes
                0x00000000       0x28
 .ARM.attributes
                0x00000000       0x1e c:/program files (x86)/atmel/studio/7.0/toolchain/arm/arm-gnu-toolchain/bin/../lib/gcc/arm-none-eabi/6.3.1/thumb/v6-m/crti.o
 .ARM.attributes
                0x0000001e       0x2c c:/program files (x86)/atmel/studio/7.0/toolchain/arm/arm-gnu-toolchain/bin/../lib/gcc/arm-none-eabi/6.3.1/thumb/v6-m/crtbegin.o
 .ARM.attributes
                0x0000004a       0x32 counter.o
 .ARM.attributes
                0x0000007c       0x32 Device_Startup/startup_samd21.o
 .ARM.attributes
                0x000000ae       0x32 Device_Startup/system_samd21.o
 .ARM.attributes
                0x000000e0       0x32 event.o
 .ARM.attributes
                0x00000112       0x32 led.o
 .ARM.attributes
                0x00000144       0x32 main.o
 .ARM.attributes
                0x00000176       0x32 spi.o
 .ARM.attributes
                0x000001a8       0x32 timer.o
 .ARM.attributes
                0x000001da       0x2c c:/program files (x86)/atmel/studio/7.0/toolchain/arm/arm-gnu-toolchain/bin/../lib/gcc/arm-none-eabi/6.3.1/../../../../arm-none-eabi/lib/thumb/v6-m\libc.a(lib_a-impure.o)
 .ARM.attributes
                0x00000206       0x2c c:/program files (x86)/atmel/studio/7.0/toolchain/arm/arm-gnu-toolchain/bin/../lib/gcc/arm-none-eabi/6.3.1/../../../../arm-none-eabi/lib/thumb/v6-m\libc.a(lib_a-init.o)
 .ARM.attributes
                0x00000232       0x2c c:/program files (x86)/atmel/studio/7.0/toolchain/arm/arm-gnu-toolchain/bin/../lib/gcc/arm-none-eabi/6.3.1/../../../../arm-none-eabi/lib/thumb/v6-m\libc.a(lib_a-__call_atexit.o)
 .ARM.attributes
                0x0000025e       0x2c c:/program files (x86)/atmel/studio/7.0/toolchain/arm/arm-gnu-toolchain/bin/../lib/gcc/arm-none-eabi/6.3.1/../../../../arm-none-eabi/lib/thumb/v6-m\libc.a(lib_a-atexit.o)
 .ARM.attributes
                0x0000028a       0x2c c:/program files (x86)/atmel/studio/7.0/toolchain/arm/arm-gnu-toolchain/bin/../lib/gcc/arm-none-eabi/6.3.1/../../../../arm-none-eabi/lib/thumb/v6-m\libc.a(lib_a-fini.o)
 .ARM.attributes
                0x000002b6       0x2c c:/program files (x86)/atmel/studio/7.0/toolchain/arm/arm-gnu-toolchain/bin/../lib/gcc/arm-none-eabi/6.3.1/../../../../arm-none-eabi/lib/thumb/v6-m\libc.a(lib_a-lock.o)
 .ARM.attributes
                0x000002e2       0x2c c:/program files (x86)/atmel/studio/7.0/toolchain/arm/arm-gnu-toolchain/bin/../lib/gcc/arm-none-eabi/6.3.1/../../../../arm-none-eabi/lib/thumb/v6-m\libc.a(lib_a-__atexit.o)
 .ARM.attributes
                0x0000030e       0x1e c:/program files (x86)/atmel/studio/7.0/toolchain/arm/arm-gnu-toolchain/bin/../lib/gcc/arm-none-eabi/6.3.1/thumb/v6-m/crtn.o

.comment        0x00000000       0x59
 .comment       0x00000000       0x59 counter.o
                                 0x5a (size before relaxing)
 .comment       0x00000059       0x5a Device_Startup/startup_samd21.o
 .comment       0x00000059       0x5a Device_Startup/system_samd21.o
 .comment       0x00000059       0x5a event.o
 .comment       0x00000059       0x5a led.o
 .comment       0x00000059       0x5a main.o
 .comment       0x00000059       0x5a spi.o
 .comment       0x00000059       0x5a timer.o

.debug_info     0x00000000     0xe10d
 .debug_info    0x00000000     0x21e4 counter.o
 .debug_info    0x000021e4     0x3a28 Device_Startup/startup_samd21.o
 .debug_info    0x00005c0c       0xd5 Device_Startup/system_samd21.o
 .debug_info    0x00005ce1     0x1751 event.o
 .debug_info    0x00007432      0x2aa led.o
 .debug_info    0x000076dc      0x664 main.o
 .debug_info    0x00007d40     0x3275 spi.o
 .debug_info    0x0000afb5     0x3158 timer.o

.debug_abbrev   0x00000000      0xe32
 .debug_abbrev  0x00000000      0x2ad counter.o
 .debug_abbrev  0x000002ad      0x234 Device_Startup/startup_samd21.o
 .debug_abbrev  0x000004e1       0x72 Device_Startup/system_samd21.o
 .debug_abbrev  0x00000553      0x166 event.o
 .debug_abbrev  0x000006b9      0x124 led.o
 .debug_abbrev  0x000007dd      0x1de main.o
 .debug_abbrev  0x000009bb      0x290 spi.o
 .debug_abbrev  0x00000c4b      0x1e7 timer.o

.debug_loc      0x00000000      0x3ea
 .debug_loc     0x00000000       0x34 counter.o
 .debug_loc     0x00000034       0x40 Device_Startup/startup_samd21.o
 .debug_loc     0x00000074      0x254 led.o
 .debug_loc     0x000002c8       0x5f main.o
 .debug_loc     0x00000327       0x75 spi.o
 .debug_loc     0x0000039c       0x4e timer.o

.debug_aranges  0x00000000      0x1b0
 .debug_aranges
                0x00000000       0x50 counter.o
 .debug_aranges
                0x00000050       0x28 Device_Startup/startup_samd21.o
 .debug_aranges
                0x00000078       0x28 Device_Startup/system_samd21.o
 .debug_aranges
                0x000000a0       0x28 event.o
 .debug_aranges
                0x000000c8       0x38 led.o
 .debug_aranges
                0x00000100       0x28 main.o
 .debug_aranges
                0x00000128       0x50 spi.o
 .debug_aranges
                0x00000178       0x38 timer.o

.debug_ranges   0x00000000      0x130
 .debug_ranges  0x00000000       0x40 counter.o
 .debug_ranges  0x00000040       0x18 Device_Startup/startup_samd21.o
 .debug_ranges  0x00000058       0x18 Device_Startup/system_samd21.o
 .debug_ranges  0x00000070       0x18 event.o
 .debug_ranges  0x00000088       0x28 led.o
 .debug_ranges  0x000000b0       0x18 main.o
 .debug_ranges  0x000000c8       0x40 spi.o
 .debug_ranges  0x00000108       0x28 timer.o

.debug_macro    0x00000000     0x18f9
 .debug_macro   0x00000000      0x310 counter.o
 .debug_macro   0x00000310       0x39 counter.o
 .debug_macro   0x00000349      0x2fc Device_Startup/startup_samd21.o
 .debug_macro   0x00000645      0x302 Device_Startup/system_samd21.o
 .debug_macro   0x00000947      0x306 event.o
 .debug_macro   0x00000c4d      0x306 led.o
 .debug_macro   0x00000f53      0x352 main.o
 .debug_macro   0x000012a5      0x34e spi.o
 .debug_macro   0x000015f3      0x306 timer.o

.debug_line     0x00000000     0x3991
 .debug_line    0x00000000      0x77a counter.o
 .debug_line    0x0000077a      0x6f7 Device_Startup/startup_samd21.o
 .debug_line    0x00000e71      0x6e2 Device_Startup/system_samd21.o
 .debug_line    0x00001553      0x6e3 event.o
 .debug_line    0x00001c36      0x74a led.o
 .debug_line    0x00002380      0x749 main.o
 .debug_line    0x00002ac9      0x7a4 spi.o
 .debug_line    0x0000326d      0x724 timer.o

.debug_str      0x00000000    0x6f74b
 .debug_str     0x00000000    0x6d5f7 counter.o
                              0x6d9a8 (size before relaxing)
 .debug_str     0x0006d5f7     0x1064 Device_Startup/startup_samd21.o
                              0x6e1d8 (size before relaxing)
 .debug_str     0x0006e65b       0x5c Device_Startup/system_samd21.o
                              0x6d05c (size before relaxing)
 .debug_str     0x0006e6b7      0x23d event.o
                              0x6d5c3 (size before relaxing)
 .debug_str     0x0006e8f4       0x76 led.o
                              0x6d099 (size before relaxing)
 .debug_str     0x0006e96a       0xe5 main.o
                              0x6d3d6 (size before relaxing)
 .debug_str     0x0006ea4f      0x739 spi.o
                              0x6de9b (size before relaxing)
 .debug_str     0x0006f188      0x5c3 timer.o
                              0x6db95 (size before relaxing)

.debug_frame    0x00000000      0x488
 .debug_frame   0x00000000       0x88 counter.o
 .debug_frame   0x00000088       0x40 Device_Startup/startup_samd21.o
 .debug_frame   0x000000c8       0x30 Device_Startup/system_samd21.o
 .debug_frame   0x000000f8       0x30 event.o
 .debug_frame   0x00000128       0x74 led.o
 .debug_frame   0x0000019c       0x40 main.o
 .debug_frame   0x000001dc       0x94 spi.o
 .debug_frame   0x00000270       0x58 timer.o
 .debug_frame   0x000002c8       0x2c c:/program files (x86)/atmel/studio/7.0/toolchain/arm/arm-gnu-toolchain/bin/../lib/gcc/arm-none-eabi/6.3.1/../../../../arm-none-eabi/lib/thumb/v6-m\libc.a(lib_a-init.o)
 .debug_frame   0x000002f4       0x54 c:/program files (x86)/atmel/studio/7.0/toolchain/arm/arm-gnu-toolchain/bin/../lib/gcc/arm-none-eabi/6.3.1/../../../../arm-none-eabi/lib/thumb/v6-m\libc.a(lib_a-__call_atexit.o)
 .debug_frame   0x00000348       0x28 c:/program files (x86)/atmel/studio/7.0/toolchain/arm/arm-gnu-toolchain/bin/../lib/gcc/arm-none-eabi/6.3.1/../../../../arm-none-eabi/lib/thumb/v6-m\libc.a(lib_a-atexit.o)
 .debug_frame   0x00000370       0x2c c:/program files (x86)/atmel/studio/7.0/toolchain/arm/arm-gnu-toolchain/bin/../lib/gcc/arm-none-eabi/6.3.1/../../../../arm-none-eabi/lib/thumb/v6-m\libc.a(lib_a-fini.o)
 .debug_frame   0x0000039c       0xb0 c:/program files (x86)/atmel/studio/7.0/toolchain/arm/arm-gnu-toolchain/bin/../lib/gcc/arm-none-eabi/6.3.1/../../../../arm-none-eabi/lib/thumb/v6-m\libc.a(lib_a-lock.o)
 .debug_frame   0x0000044c       0x3c c:/program files (x86)/atmel/studio/7.0/toolchain/arm/arm-gnu-toolchain/bin/../lib/gcc/arm-none-eabi/6.3.1/../../../../arm-none-eabi/lib/thumb/v6-m\libc.a(lib_a-__atexit.o)
